Client partition: 100 clients, min=30, max=1447, mean=500.00, std=220.72
Evaluation protocol: full server test set evaluated every round (10000 samples).
VGG16(
  (features): Sequential(
    (0): Conv2d(3, 64, kernel_size=(3, 3), stride=(1, 1), padding=(1, 1))
    (1): BatchNorm2d(64, eps=1e-05, momentum=0.1, affine=True, track_running_stats=True)
    (2): ReLU(inplace=True)
    (3): Conv2d(64, 64, kernel_size=(3, 3), stride=(1, 1), padding=(1, 1))
    (4): BatchNorm2d(64, eps=1e-05, momentum=0.1, affine=True, track_running_stats=True)
    (5): ReLU(inplace=True)
    (6): MaxPool2d(kernel_size=2, stride=2, padding=0, dilation=1, ceil_mode=False)
    (7): Conv2d(64, 128, kernel_size=(3, 3), stride=(1, 1), padding=(1, 1))
    (8): BatchNorm2d(128, eps=1e-05, momentum=0.1, affine=True, track_running_stats=True)
    (9): ReLU(inplace=True)
    (10): Conv2d(128, 128, kernel_size=(3, 3), stride=(1, 1), padding=(1, 1))
    (11): BatchNorm2d(128, eps=1e-05, momentum=0.1, affine=True, track_running_stats=True)
    (12): ReLU(inplace=True)
    (13): MaxPool2d(kernel_size=2, stride=2, padding=0, dilation=1, ceil_mode=False)
    (14): Conv2d(128, 256, kernel_size=(3, 3), stride=(1, 1), padding=(1, 1))
    (15): BatchNorm2d(256, eps=1e-05, momentum=0.1, affine=True, track_running_stats=True)
    (16): ReLU(inplace=True)
    (17): Conv2d(256, 256, kernel_size=(3, 3), stride=(1, 1), padding=(1, 1))
    (18): BatchNorm2d(256, eps=1e-05, momentum=0.1, affine=True, track_running_stats=True)
    (19): ReLU(inplace=True)
    (20): Conv2d(256, 256, kernel_size=(3, 3), stride=(1, 1), padding=(1, 1))
    (21): BatchNorm2d(256, eps=1e-05, momentum=0.1, affine=True, track_running_stats=True)
    (22): ReLU(inplace=True)
    (23): MaxPool2d(kernel_size=2, stride=2, padding=0, dilation=1, ceil_mode=False)
    (24): Conv2d(256, 512, kernel_size=(3, 3), stride=(1, 1), padding=(1, 1))
    (25): BatchNorm2d(512, eps=1e-05, momentum=0.1, affine=True, track_running_stats=True)
    (26): ReLU(inplace=True)
    (27): Conv2d(512, 512, kernel_size=(3, 3), stride=(1, 1), padding=(1, 1))
    (28): BatchNorm2d(512, eps=1e-05, momentum=0.1, affine=True, track_running_stats=True)
    (29): ReLU(inplace=True)
    (30): Conv2d(512, 512, kernel_size=(3, 3), stride=(1, 1), padding=(1, 1))
    (31): BatchNorm2d(512, eps=1e-05, momentum=0.1, affine=True, track_running_stats=True)
    (32): ReLU(inplace=True)
    (33): MaxPool2d(kernel_size=2, stride=2, padding=0, dilation=1, ceil_mode=False)
    (34): Conv2d(512, 512, kernel_size=(3, 3), stride=(1, 1), padding=(1, 1))
    (35): BatchNorm2d(512, eps=1e-05, momentum=0.1, affine=True, track_running_stats=True)
    (36): ReLU(inplace=True)
    (37): Conv2d(512, 512, kernel_size=(3, 3), stride=(1, 1), padding=(1, 1))
    (38): BatchNorm2d(512, eps=1e-05, momentum=0.1, affine=True, track_running_stats=True)
    (39): ReLU(inplace=True)
    (40): Conv2d(512, 512, kernel_size=(3, 3), stride=(1, 1), padding=(1, 1))
    (41): BatchNorm2d(512, eps=1e-05, momentum=0.1, affine=True, track_running_stats=True)
    (42): ReLU(inplace=True)
    (43): MaxPool2d(kernel_size=2, stride=2, padding=0, dilation=1, ceil_mode=False)
    (44): AdaptiveAvgPool2d(output_size=(1, 1))
  )
  (classifier): Sequential(
    (0): Linear(in_features=512, out_features=4096, bias=True)
    (1): ReLU(inplace=True)
    (2): Dropout(p=0.5, inplace=False)
    (3): Linear(in_features=4096, out_features=4096, bias=True)
    (4): ReLU(inplace=True)
    (5): Dropout(p=0.5, inplace=False)
  )
  (fc): Linear(in_features=4096, out_features=10, bias=True)
)
********************************************************************************
Round   0
ROUND_ACCURACY method=InteractionDispatchV2 round=1 accuracy=10.100000
InteractionDispatchV2 diagnostics: round=1 active=0 seen=10 observed=0 history_bytes=2691733280
********************************************************************************
Round   1
ROUND_ACCURACY method=InteractionDispatchV2 round=2 accuracy=12.740000
InteractionDispatchV2 diagnostics: round=2 active=0 seen=19 observed=1 history_bytes=5248879896
********************************************************************************
Round   2
ROUND_ACCURACY method=InteractionDispatchV2 round=3 accuracy=14.130000
InteractionDispatchV2 diagnostics: round=3 active=0 seen=26 observed=4 history_bytes=7536853184
********************************************************************************
Round   3
ROUND_ACCURACY method=InteractionDispatchV2 round=4 accuracy=21.100000
InteractionDispatchV2 diagnostics: round=4 active=0 seen=34 observed=5 history_bytes=9824826472
********************************************************************************
Round   4
ROUND_ACCURACY method=InteractionDispatchV2 round=5 accuracy=39.200001
InteractionDispatchV2 diagnostics: round=5 active=0 seen=38 observed=9 history_bytes=11439866440
********************************************************************************
Round   5
ROUND_ACCURACY method=InteractionDispatchV2 round=6 accuracy=25.530001
InteractionDispatchV2 diagnostics: round=6 active=0 seen=45 observed=11 history_bytes=13593253064
********************************************************************************
Round   6
ROUND_ACCURACY method=InteractionDispatchV2 round=7 accuracy=35.860001
InteractionDispatchV2 diagnostics: round=7 active=0 seen=54 observed=12 history_bytes=16150399680
********************************************************************************
Round   7
ROUND_ACCURACY method=InteractionDispatchV2 round=8 accuracy=27.450001
InteractionDispatchV2 diagnostics: round=8 active=0 seen=56 observed=19 history_bytes=17630852984
********************************************************************************
Round   8
ROUND_ACCURACY method=InteractionDispatchV2 round=9 accuracy=37.450001
InteractionDispatchV2 diagnostics: round=9 active=0 seen=59 observed=24 history_bytes=19111306288
********************************************************************************
Round   9
ROUND_ACCURACY method=InteractionDispatchV2 round=10 accuracy=33.250000
InteractionDispatchV2 diagnostics: round=10 active=0 seen=63 observed=28 history_bytes=20726346256
********************************************************************************
Round  10
ROUND_ACCURACY method=InteractionDispatchV2 round=11 accuracy=45.340000
InteractionDispatchV2 diagnostics: round=11 active=0 seen=67 observed=31 history_bytes=22206799560
********************************************************************************
Round  11
ROUND_ACCURACY method=InteractionDispatchV2 round=12 accuracy=41.169998
InteractionDispatchV2 diagnostics: round=12 active=2 seen=68 observed=35 history_bytes=23014319544
********************************************************************************
Round  12
ROUND_ACCURACY method=InteractionDispatchV2 round=13 accuracy=44.139999
InteractionDispatchV2 diagnostics: round=13 active=0 seen=71 observed=38 history_bytes=24225599520
********************************************************************************
Round  13
ROUND_ACCURACY method=InteractionDispatchV2 round=14 accuracy=47.459999
InteractionDispatchV2 diagnostics: round=14 active=2 seen=73 observed=42 history_bytes=25302292832
********************************************************************************
Round  14
ROUND_ACCURACY method=InteractionDispatchV2 round=15 accuracy=47.740002
InteractionDispatchV2 diagnostics: round=15 active=0 seen=75 observed=47 history_bytes=26513572808
********************************************************************************
Round  15
ROUND_ACCURACY method=InteractionDispatchV2 round=16 accuracy=50.830002
InteractionDispatchV2 diagnostics: round=16 active=0 seen=76 observed=52 history_bytes=27455679456
********************************************************************************
Round  16
ROUND_ACCURACY method=InteractionDispatchV2 round=17 accuracy=53.459999
InteractionDispatchV2 diagnostics: round=17 active=0 seen=77 observed=55 history_bytes=28128612776
********************************************************************************
Round  17
ROUND_ACCURACY method=InteractionDispatchV2 round=18 accuracy=39.820000
InteractionDispatchV2 diagnostics: round=18 active=0 seen=81 observed=58 history_bytes=29609066080
********************************************************************************
Round  18
ROUND_ACCURACY method=InteractionDispatchV2 round=19 accuracy=46.639999
InteractionDispatchV2 diagnostics: round=19 active=0 seen=84 observed=61 history_bytes=30820346056
********************************************************************************
Round  19
ROUND_ACCURACY method=InteractionDispatchV2 round=20 accuracy=45.270000
InteractionDispatchV2 diagnostics: round=20 active=1 seen=86 observed=61 history_bytes=31358692712
********************************************************************************
Round  20
ROUND_ACCURACY method=InteractionDispatchV2 round=21 accuracy=53.660000
InteractionDispatchV2 diagnostics: round=21 active=0 seen=87 observed=62 history_bytes=31762452704
********************************************************************************
Round  21
ROUND_ACCURACY method=InteractionDispatchV2 round=22 accuracy=59.410000
InteractionDispatchV2 diagnostics: round=22 active=1 seen=87 observed=65 history_bytes=32166212696
********************************************************************************
Round  22
ROUND_ACCURACY method=InteractionDispatchV2 round=23 accuracy=50.799999
InteractionDispatchV2 diagnostics: round=23 active=0 seen=88 observed=67 history_bytes=32704559352
********************************************************************************
Round  23
ROUND_ACCURACY method=InteractionDispatchV2 round=24 accuracy=55.430000
InteractionDispatchV2 diagnostics: round=24 active=1 seen=89 observed=69 history_bytes=33242906008
********************************************************************************
Round  24
ROUND_ACCURACY method=InteractionDispatchV2 round=25 accuracy=56.299999
InteractionDispatchV2 diagnostics: round=25 active=2 seen=90 observed=71 history_bytes=33781252664
********************************************************************************
Round  25
ROUND_ACCURACY method=InteractionDispatchV2 round=26 accuracy=54.130001
InteractionDispatchV2 diagnostics: round=26 active=1 seen=91 observed=72 history_bytes=34185012656
********************************************************************************
Round  26
ROUND_ACCURACY method=InteractionDispatchV2 round=27 accuracy=55.669998
InteractionDispatchV2 diagnostics: round=27 active=2 seen=91 observed=75 history_bytes=34588772648
********************************************************************************
Round  27
ROUND_ACCURACY method=InteractionDispatchV2 round=28 accuracy=55.830002
InteractionDispatchV2 diagnostics: round=28 active=1 seen=91 observed=76 history_bytes=34723359312
********************************************************************************
Round  28
ROUND_ACCURACY method=InteractionDispatchV2 round=29 accuracy=52.299999
