ROUND_ACCURACY method=FedPhoenix round=1 accuracy=10.000000
DIAGNOSTIC_ROUND algorithm=FedPhoenix round=1 events=2 history_gib=0.627
ROUND_ACCURACY method=FedPhoenix round=2 accuracy=13.230000
DIAGNOSTIC_ROUND algorithm=FedPhoenix round=2 events=3 history_gib=1.128
ROUND_ACCURACY method=FedPhoenix round=3 accuracy=12.230000
DIAGNOSTIC_ROUND algorithm=FedPhoenix round=3 events=5 history_gib=1.379
ROUND_ACCURACY method=FedPhoenix round=4 accuracy=16.290001
DIAGNOSTIC_ROUND algorithm=FedPhoenix round=4 events=6 history_gib=1.379
ROUND_ACCURACY method=FedPhoenix round=5 accuracy=32.419998
DIAGNOSTIC_ROUND algorithm=FedPhoenix round=5 events=8 history_gib=1.629
ROUND_ACCURACY method=FedPhoenix round=6 accuracy=17.620001
DIAGNOSTIC_ROUND algorithm=FedPhoenix round=6 events=9 history_gib=1.880
ROUND_ACCURACY method=FedPhoenix round=7 accuracy=24.139999
DIAGNOSTIC_ROUND algorithm=FedPhoenix round=7 events=9 history_gib=1.880
ROUND_ACCURACY method=FedPhoenix round=8 accuracy=23.680000
DIAGNOSTIC_ROUND algorithm=FedPhoenix round=8 events=10 history_gib=2.005
ROUND_ACCURACY method=FedPhoenix round=9 accuracy=30.129999
DIAGNOSTIC_ROUND algorithm=FedPhoenix round=9 events=10 history_gib=2.005
ROUND_ACCURACY method=FedPhoenix round=10 accuracy=29.730000
DIAGNOSTIC_ROUND algorithm=FedPhoenix round=10 events=13 history_gib=2.632
PEAK_ACCURACY method=FedPhoenix round=5 accuracy=32.419998
Events: C:\Users\admin\Desktop\need_do\new_paper_four\FedPhoenix-clean-finish\results\fedphoenix_longitudinal_diagnostic\parity_seed1\diagnostic\fedphoenix_events.csv
Summary: C:\Users\admin\Desktop\need_do\new_paper_four\FedPhoenix-clean-finish\results\fedphoenix_longitudinal_diagnostic\parity_seed1\diagnostic\fedphoenix_summary.json
