Repository root: C:\Users\admin\Desktop\need_do\new_paper_four\FedPhoenix-clean-finish
Output directory: C:\Users\admin\Desktop\need_do\new_paper_four\FedPhoenix-clean-finish\results\cross_client_transplant_vgg_cifar10_a03_seed1
CUDA device: NVIDIA GeForce RTX 4080 SUPER; clients=100; train=50000; test=10000
ROUND 001/500 accuracy=11.3200 loss=2.390067 selected=[80, 84, 33, 81, 93, 17, 36, 82, 69, 65] probes=[(81, 36), (93, 36)] seconds=16.98
ROUND 002/500 accuracy=14.9500 loss=2.282493 selected=[44, 96, 1, 35, 26, 11, 38, 82, 87, 3] probes=[(1, 38), (35, 87)] seconds=10.38
ROUND 003/500 accuracy=20.1600 loss=2.263770 selected=[95, 67, 96, 71, 1, 80, 99, 45, 52, 27] probes=[(45, 80), (95, 99)] seconds=10.88
ROUND 004/500 accuracy=18.1200 loss=2.266821 selected=[40, 10, 96, 66, 89, 32, 95, 55, 25, 5] probes=[(66, 25), (89, 32)] seconds=12.08
ROUND 005/500 accuracy=39.6800 loss=1.625214 selected=[89, 99, 45, 96, 72, 9, 74, 88, 1, 38] probes=[(38, 96), (9, 88)] seconds=8.40
ROUND 006/500 accuracy=25.2300 loss=2.055426 selected=[0, 86, 4, 23, 24, 1, 62, 83, 66, 93] probes=[(23, 0), (83, 4)] seconds=11.77
ROUND 007/500 accuracy=37.6700 loss=1.749632 selected=[6, 59, 72, 30, 91, 43, 75, 76, 15, 61] probes=[(59, 75), (15, 76)] seconds=9.89
ROUND 008/500 accuracy=26.9800 loss=2.352333 selected=[44, 88, 74, 48, 59, 79, 25, 52, 45, 55] probes=[(74, 55), (59, 25)] seconds=10.06
ROUND 009/500 accuracy=35.1600 loss=1.895170 selected=[3, 60, 35, 33, 22, 66, 45, 68, 67, 75] probes=[(60, 22), (68, 66)] seconds=11.46
ROUND 010/500 accuracy=31.8100 loss=2.155555 selected=[64, 91, 12, 52, 16, 65, 50, 68, 33, 30] probes=[(12, 16), (50, 64)] seconds=12.31
ROUND 011/500 accuracy=42.1000 loss=1.577353 selected=[54, 27, 23, 37, 75, 33, 41, 46, 52, 24] probes=[(33, 46), (41, 75)] seconds=12.75
ROUND 012/500 accuracy=39.6700 loss=1.717276 selected=[54, 45, 28, 44, 15, 1, 93, 12, 88, 40] probes=[(54, 40), (28, 12)] seconds=10.49
ROUND 013/500 accuracy=37.6900 loss=1.787999 selected=[70, 75, 5, 68, 36, 79, 72, 78, 57, 44] probes=[(72, 36), (70, 5)] seconds=12.12
ROUND 014/500 accuracy=47.4400 loss=1.530529 selected=[41, 9, 30, 89, 40, 49, 3, 22, 8, 16] probes=[(30, 41), (9, 22)] seconds=10.65
ROUND 015/500 accuracy=46.9300 loss=1.459483 selected=[82, 28, 69, 81, 56, 71, 85, 27, 37, 66] probes=[(66, 81), (82, 66)] seconds=11.07
ROUND 016/500 accuracy=52.4300 loss=1.324516 selected=[60, 13, 26, 12, 1, 28, 88, 86, 11, 43] probes=[(26, 13), (60, 12)] seconds=10.02
ROUND 017/500 accuracy=52.2200 loss=1.393301 selected=[93, 16, 72, 75, 10, 4, 38, 71, 42, 62] probes=[(75, 38), (16, 71)] seconds=10.44
ROUND 018/500 accuracy=33.9200 loss=2.116594 selected=[36, 47, 1, 64, 57, 97, 29, 6, 67, 92] probes=[(64, 47), (57, 97)] seconds=10.66
ROUND 019/500 accuracy=46.0300 loss=1.481991 selected=[48, 87, 17, 57, 22, 81, 4, 51, 94, 63] probes=[(81, 87), (87, 81)] seconds=11.40
ROUND 020/500 accuracy=42.9500 loss=1.679046 selected=[9, 17, 59, 11, 2, 95, 68, 28, 60, 14] probes=[(95, 11), (14, 68)] seconds=11.72
ROUND 021/500 accuracy=52.0900 loss=1.407791 selected=[26, 25, 15, 93, 45, 54, 68, 90, 76, 10] probes=[(10, 54), (15, 45)] seconds=10.64
ROUND 022/500 accuracy=58.4900 loss=1.168735 selected=[84, 74, 93, 1, 48, 44, 29, 26, 94, 75] probes=[(44, 94), (74, 84)] seconds=10.20
ROUND 023/500 accuracy=51.2500 loss=1.470218 selected=[71, 58, 50, 22, 59, 84, 10, 70, 43, 67] probes=[(70, 22), (22, 84)] seconds=10.49
ROUND 024/500 accuracy=50.2900 loss=1.468000 selected=[70, 54, 33, 75, 31, 58, 17, 6, 3, 51] probes=[(6, 33), (33, 75)] seconds=13.41
ROUND 025/500 accuracy=54.3800 loss=1.336471 selected=[42, 87, 33, 36, 30, 84, 78, 98, 71, 75] probes=[(87, 98), (78, 42)] seconds=10.95
ROUND 026/500 accuracy=52.5400 loss=1.414411 selected=[41, 47, 34, 10, 51, 11, 50, 16, 86, 64] probes=[(64, 86), (10, 47)] seconds=10.41
ROUND 027/500 accuracy=58.4600 loss=1.229665 selected=[58, 82, 63, 50, 98, 84, 4, 46, 65, 88] probes=[(58, 84), (82, 98)] seconds=12.25
ROUND 028/500 accuracy=54.5600 loss=1.266402 selected=[99, 88, 69, 16, 46, 29, 90, 91, 4, 45] probes=[(69, 99), (16, 46)] seconds=9.80
ROUND 029/500 accuracy=51.3000 loss=1.469531 selected=[80, 73, 28, 34, 1, 10, 13, 65, 5, 49] probes=[(49, 73), (5, 65)] seconds=12.13
ROUND 030/500 accuracy=59.2500 loss=1.204557 selected=[62, 41, 74, 11, 99, 8, 75, 26, 81, 85] probes=[(99, 62), (8, 11)] seconds=10.35
ROUND 031/500 accuracy=58.8000 loss=1.203190 selected=[96, 81, 77, 83, 14, 50, 13, 67, 53, 91] probes=[(91, 13), (83, 14)] seconds=9.32
ROUND 032/500 accuracy=57.9100 loss=1.213388 selected=[40, 73, 70, 3, 6, 94, 1, 25, 20, 10] probes=[(10, 20), (20, 10)] seconds=12.22
ROUND 033/500 accuracy=59.3700 loss=1.192027 selected=[45, 16, 51, 88, 17, 78, 36, 44, 21, 62] probes=[(51, 16), (62, 44)] seconds=11.00
ROUND 034/500 accuracy=66.4000 loss=0.981227 selected=[92, 43, 97, 61, 58, 67, 1, 98, 30, 75] probes=[(97, 1), (1, 92)] seconds=8.98
ROUND 035/500 accuracy=55.0400 loss=1.324952 selected=[31, 89, 17, 66, 92, 23, 96, 9, 35, 20] probes=[(20, 96), (96, 9)] seconds=10.93
ROUND 036/500 accuracy=56.4800 loss=1.270722 selected=[72, 68, 65, 28, 23, 85, 16, 60, 73, 78] probes=[(16, 60), (28, 68)] seconds=13.14
ROUND 037/500 accuracy=62.6000 loss=1.077440 selected=[66, 49, 62, 9, 84, 68, 74, 3, 44, 71] probes=[(68, 71), (44, 74)] seconds=11.42
ROUND 038/500 accuracy=61.8300 loss=1.100561 selected=[50, 73, 27, 38, 8, 53, 21, 14, 28, 64] probes=[(28, 64), (50, 27)] seconds=9.64
ROUND 039/500 accuracy=57.9900 loss=1.278018 selected=[48, 87, 40, 59, 3, 10, 75, 35, 49, 89] probes=[(89, 40), (48, 59)] seconds=10.93
ROUND 040/500 accuracy=65.4200 loss=1.007390 selected=[83, 93, 34, 60, 90, 45, 42, 41, 91, 36] probes=[(36, 91), (60, 34)] seconds=11.06
ROUND 041/500 accuracy=65.6000 loss=1.039768 selected=[75, 52, 20, 80, 90, 93, 4, 51, 13, 98] probes=[(93, 75), (20, 75)] seconds=11.16
ROUND 042/500 accuracy=62.9300 loss=1.103618 selected=[98, 79, 17, 10, 3, 12, 29, 26, 54, 58] probes=[(17, 26), (26, 98)] seconds=11.70
ROUND 043/500 accuracy=59.9300 loss=1.189010 selected=[32, 15, 47, 9, 7, 16, 24, 57, 71, 28] probes=[(47, 71), (15, 28)] seconds=11.89
ROUND 044/500 accuracy=65.0400 loss=1.036291 selected=[76, 67, 81, 35, 44, 49, 32, 99, 69, 51] probes=[(99, 76), (44, 32)] seconds=10.58
ROUND 045/500 accuracy=56.8800 loss=1.316169 selected=[42, 4, 95, 71, 84, 22, 61, 5, 10, 28] probes=[(95, 5), (42, 95)] seconds=9.94
ROUND 046/500 accuracy=66.8800 loss=0.995927 selected=[61, 52, 80, 26, 37, 44, 85, 1, 99, 55] probes=[(80, 61), (99, 61)] seconds=11.76
ROUND 047/500 accuracy=63.0200 loss=1.091703 selected=[23, 10, 75, 28, 19, 22, 43, 13, 98, 85] probes=[(23, 22), (28, 85)] seconds=11.31
ROUND 048/500 accuracy=63.1900 loss=1.110866 selected=[18, 1, 96, 63, 59, 71, 88, 39, 97, 68] probes=[(71, 96), (68, 59)] seconds=9.99
ROUND 049/500 accuracy=62.6800 loss=1.109396 selected=[44, 11, 93, 47, 54, 9, 81, 94, 45, 65] probes=[(45, 65), (65, 44)] seconds=13.19
ROUND 050/500 accuracy=63.0100 loss=1.091094 selected=[48, 43, 51, 76, 99, 39, 38, 73, 89, 80] probes=[(51, 76), (89, 76)] seconds=9.57
ROUND 051/500 accuracy=60.2000 loss=1.143501 selected=[34, 16, 99, 17, 62, 58, 96, 29, 90, 30] probes=[(34, 90), (17, 34)] seconds=11.70
ROUND 052/500 accuracy=64.2900 loss=1.054226 selected=[8, 59, 78, 95, 25, 35, 99, 86, 54, 64] probes=[(59, 8), (99, 78)] seconds=9.86
ROUND 053/500 accuracy=59.6500 loss=1.166283 selected=[87, 42, 55, 74, 37, 10, 26, 23, 57, 62] probes=[(62, 57), (74, 57)] seconds=11.35
ROUND 054/500 accuracy=51.1300 loss=1.460686 selected=[84, 2, 76, 48, 68, 40, 92, 8, 42, 46] probes=[(84, 92), (48, 76)] seconds=9.51
ROUND 055/500 accuracy=67.7900 loss=0.944989 selected=[91, 70, 16, 58, 10, 35, 31, 86, 62, 54] probes=[(62, 58), (31, 86)] seconds=11.18
ROUND 056/500 accuracy=66.6700 loss=1.006294 selected=[32, 41, 20, 75, 69, 62, 74, 38, 80, 58] probes=[(20, 41), (41, 74)] seconds=11.81
ROUND 057/500 accuracy=62.6000 loss=1.147441 selected=[89, 0, 84, 16, 97, 67, 41, 38, 59, 60] probes=[(97, 89), (16, 38)] seconds=10.20
ROUND 058/500 accuracy=52.5900 loss=1.496379 selected=[59, 21, 34, 35, 95, 41, 9, 12, 47, 42] probes=[(41, 34), (59, 41)] seconds=9.79
ROUND 059/500 accuracy=62.9100 loss=1.163304 selected=[88, 78, 75, 43, 57, 63, 34, 79, 17, 93] probes=[(34, 43), (17, 93)] seconds=11.81
ROUND 060/500 accuracy=66.7100 loss=1.001432 selected=[76, 35, 9, 75, 32, 97, 53, 72, 27, 91] probes=[(32, 75), (35, 27)] seconds=9.14
ROUND 061/500 accuracy=67.8400 loss=0.972624 selected=[60, 14, 9, 43, 15, 68, 7, 44, 65, 89] probes=[(65, 68), (15, 7)] seconds=13.85
ROUND 062/500 accuracy=65.0300 loss=1.044057 selected=[56, 67, 28, 93, 30, 71, 78, 48, 25, 19] probes=[(93, 30), (30, 67)] seconds=11.31
ROUND 063/500 accuracy=64.6000 loss=1.050454 selected=[61, 18, 63, 89, 0, 99, 42, 76, 81, 9] probes=[(0, 9), (63, 89)] seconds=11.08
ROUND 064/500 accuracy=64.8000 loss=1.069866 selected=[14, 22, 8, 93, 29, 90, 73, 28, 57, 58] probes=[(22, 29), (57, 73)] seconds=12.11
ROUND 065/500 accuracy=66.0300 loss=1.014763 selected=[16, 90, 78, 23, 55, 61, 31, 0, 11, 82] probes=[(61, 16), (31, 0)] seconds=11.47
ROUND 066/500 accuracy=66.4300 loss=0.988482 selected=[28, 65, 16, 72, 11, 36, 19, 51, 81, 53] probes=[(53, 51), (28, 53)] seconds=12.49
ROUND 067/500 accuracy=62.0500 loss=1.118126 selected=[53, 63, 96, 28, 78, 90, 58, 73, 34, 4] probes=[(96, 28), (4, 73)] seconds=10.12
ROUND 068/500 accuracy=58.2900 loss=1.322230 selected=[38, 57, 22, 41, 70, 39, 10, 5, 17, 32] probes=[(70, 38), (22, 57)] seconds=10.89
ROUND 069/500 accuracy=69.3500 loss=0.931024 selected=[60, 67, 48, 59, 46, 94, 22, 29, 53, 97] probes=[(67, 60), (46, 94)] seconds=10.05
ROUND 070/500 accuracy=62.5900 loss=1.139608 selected=[61, 33, 76, 48, 37, 54, 38, 13, 8, 39] probes=[(37, 13), (39, 33)] seconds=10.11
ROUND 071/500 accuracy=61.4000 loss=1.218937 selected=[31, 88, 91, 25, 50, 95, 67, 45, 80, 70] probes=[(45, 91), (95, 80)] seconds=10.16
ROUND 072/500 accuracy=65.0800 loss=1.026045 selected=[3, 23, 17, 94, 61, 43, 63, 91, 37, 84] probes=[(94, 37), (23, 61)] seconds=12.18
ROUND 073/500 accuracy=66.4100 loss=1.056469 selected=[11, 73, 78, 47, 45, 83, 36, 75, 91, 57] probes=[(91, 47), (83, 73)] seconds=11.02
ROUND 074/500 accuracy=66.6900 loss=1.013925 selected=[46, 54, 66, 62, 96, 49, 24, 75, 60, 52] probes=[(24, 46), (96, 60)] seconds=10.74
ROUND 075/500 accuracy=71.6600 loss=0.880143 selected=[75, 51, 39, 89, 14, 54, 41, 30, 24, 80] probes=[(54, 24), (39, 51)] seconds=11.12
ROUND 076/500 accuracy=62.0000 loss=1.192936 selected=[67, 90, 45, 78, 32, 86, 50, 55, 33, 60] probes=[(33, 90), (60, 90)] seconds=11.32
ROUND 077/500 accuracy=67.2100 loss=1.015940 selected=[4, 16, 51, 33, 89, 30, 13, 77, 43, 85] probes=[(77, 33), (51, 43)] seconds=9.11
ROUND 078/500 accuracy=65.8800 loss=1.065194 selected=[97, 76, 96, 72, 42, 17, 33, 51, 24, 36] probes=[(42, 72), (97, 72)] seconds=10.73
ROUND 079/500 accuracy=66.5900 loss=1.036348 selected=[22, 47, 61, 27, 50, 96, 89, 97, 85, 30] probes=[(30, 61), (61, 97)] seconds=10.24
ROUND 080/500 accuracy=64.5800 loss=1.066814 selected=[44, 70, 23, 38, 74, 21, 82, 4, 88, 98] probes=[(88, 70), (4, 44)] seconds=9.97
ROUND 081/500 accuracy=66.1200 loss=1.108416 selected=[90, 72, 65, 50, 85, 56, 4, 80, 31, 17] probes=[(65, 31), (80, 4)] seconds=13.00
ROUND 082/500 accuracy=66.1500 loss=1.030324 selected=[61, 40, 41, 34, 97, 51, 50, 13, 22, 8] probes=[(51, 41), (40, 22)] seconds=9.65
ROUND 083/500 accuracy=68.5100 loss=0.993132 selected=[87, 54, 63, 83, 96, 26, 0, 59, 69, 14] probes=[(59, 87), (87, 63)] seconds=9.92
ROUND 084/500 accuracy=64.9300 loss=1.161249 selected=[58, 47, 83, 36, 8, 2, 56, 49, 10, 38] probes=[(8, 56), (10, 8)] seconds=10.19
ROUND 085/500 accuracy=67.0900 loss=1.029419 selected=[89, 90, 81, 54, 59, 4, 53, 47, 52, 19] probes=[(89, 90), (90, 54)] seconds=10.36
ROUND 086/500 accuracy=64.4800 loss=1.177596 selected=[24, 13, 81, 73, 19, 55, 40, 76, 57, 96] probes=[(13, 24), (96, 76)] seconds=10.32
ROUND 087/500 accuracy=66.0700 loss=1.096942 selected=[31, 75, 94, 20, 87, 26, 29, 70, 2, 50] probes=[(75, 26), (31, 20)] seconds=10.52
ROUND 088/500 accuracy=69.3600 loss=0.973207 selected=[0, 9, 46, 37, 72, 83, 73, 16, 55, 27] probes=[(73, 0), (55, 37)] seconds=10.57
ROUND 089/500 accuracy=71.0200 loss=0.892384 selected=[80, 29, 9, 50, 26, 81, 48, 82, 37, 15] probes=[(80, 82), (50, 9)] seconds=11.54
ROUND 090/500 accuracy=70.1100 loss=0.914858 selected=[82, 6, 87, 74, 29, 50, 62, 67, 12, 83] probes=[(74, 82), (67, 29)] seconds=9.77
ROUND 091/500 accuracy=68.3700 loss=0.998910 selected=[36, 75, 89, 43, 12, 21, 95, 72, 24, 63] probes=[(43, 24), (63, 75)] seconds=10.50
ROUND 092/500 accuracy=68.0100 loss=0.998760 selected=[34, 15, 31, 94, 46, 70, 19, 80, 6, 88] probes=[(70, 34), (34, 19)] seconds=11.57
ROUND 093/500 accuracy=66.1600 loss=1.053638 selected=[70, 92, 72, 77, 23, 53, 1, 12, 97, 93] probes=[(72, 92), (23, 53)] seconds=11.18
ROUND 094/500 accuracy=69.5500 loss=0.987785 selected=[13, 38, 36, 14, 57, 77, 66, 73, 3, 0] probes=[(13, 14), (66, 0)] seconds=10.92
ROUND 095/500 accuracy=69.6000 loss=0.978916 selected=[13, 19, 10, 24, 76, 57, 88, 23, 61, 31] probes=[(61, 19), (76, 13)] seconds=11.26
ROUND 096/500 accuracy=67.8500 loss=1.041865 selected=[18, 45, 94, 24, 56, 67, 10, 14, 13, 9] probes=[(24, 45), (14, 9)] seconds=10.65
ROUND 097/500 accuracy=68.6700 loss=1.015647 selected=[13, 48, 73, 93, 70, 1, 43, 77, 76, 88] probes=[(76, 73), (77, 1)] seconds=8.98
ROUND 098/500 accuracy=66.9900 loss=1.076371 selected=[21, 45, 83, 68, 75, 65, 96, 1, 77, 73] probes=[(21, 1), (73, 65)] seconds=10.89
ROUND 099/500 accuracy=64.9000 loss=1.160180 selected=[81, 84, 60, 18, 45, 47, 94, 83, 76, 22] probes=[(83, 94), (60, 81)] seconds=10.50
ROUND 100/500 accuracy=63.2600 loss=1.225257 selected=[21, 69, 47, 34, 65, 81, 93, 44, 30, 84] probes=[(21, 69), (81, 93)] seconds=12.94
ROUND 101/500 accuracy=68.3500 loss=0.992833 selected=[22, 38, 77, 15, 11, 61, 37, 34, 87, 3] probes=[(77, 34), (3, 15)] seconds=10.10
ROUND 102/500 accuracy=71.9200 loss=0.912518 selected=[96, 9, 26, 58, 69, 44, 13, 93, 61, 43] probes=[(13, 96), (9, 26)] seconds=10.01
ROUND 103/500 accuracy=70.8700 loss=0.998126 selected=[13, 34, 27, 16, 72, 98, 14, 19, 9, 46] probes=[(27, 13), (34, 14)] seconds=9.76
ROUND 104/500 accuracy=69.8700 loss=1.033344 selected=[29, 72, 81, 80, 68, 85, 14, 0, 93, 52] probes=[(68, 80), (52, 14)] seconds=12.31
ROUND 105/500 accuracy=70.4400 loss=0.911044 selected=[17, 69, 35, 86, 83, 84, 23, 56, 89, 60] probes=[(35, 83), (56, 17)] seconds=11.02
ROUND 106/500 accuracy=66.9300 loss=1.029057 selected=[94, 79, 36, 8, 19, 16, 13, 30, 25, 3] probes=[(19, 36), (79, 8)] seconds=11.33
ROUND 107/500 accuracy=54.5400 loss=1.482524 selected=[45, 82, 32, 52, 17, 96, 6, 57, 67, 74] probes=[(57, 96), (32, 67)] seconds=11.10
ROUND 108/500 accuracy=70.3100 loss=0.885616 selected=[61, 20, 59, 99, 39, 42, 73, 53, 45, 8] probes=[(45, 8), (53, 39)] seconds=9.51
ROUND 109/500 accuracy=71.5500 loss=0.913573 selected=[60, 38, 5, 54, 66, 33, 80, 83, 9, 4] probes=[(83, 80), (80, 38)] seconds=10.69
ROUND 110/500 accuracy=69.8400 loss=0.968273 selected=[39, 44, 62, 4, 42, 25, 0, 45, 29, 93] probes=[(42, 29), (93, 39)] seconds=10.29
ROUND 111/500 accuracy=70.4400 loss=0.963152 selected=[96, 54, 19, 97, 92, 31, 81, 2, 24, 9] probes=[(2, 19), (92, 96)] seconds=9.25
ROUND 112/500 accuracy=70.8200 loss=0.938157 selected=[9, 19, 7, 49, 45, 35, 80, 85, 40, 89] probes=[(19, 9), (89, 40)] seconds=11.63
ROUND 113/500 accuracy=68.3400 loss=0.997642 selected=[73, 66, 18, 74, 33, 2, 87, 29, 98, 91] probes=[(91, 66), (74, 2)] seconds=9.83
ROUND 114/500 accuracy=68.6900 loss=1.046544 selected=[40, 31, 27, 50, 71, 81, 99, 97, 73, 49] probes=[(50, 97), (71, 73)] seconds=10.69
ROUND 115/500 accuracy=63.1700 loss=1.196806 selected=[61, 64, 42, 88, 27, 95, 92, 50, 45, 85] probes=[(95, 50), (50, 27)] seconds=8.83
ROUND 116/500 accuracy=70.9700 loss=0.915066 selected=[27, 8, 49, 32, 15, 35, 70, 59, 31, 30] probes=[(8, 70), (49, 27)] seconds=9.25
ROUND 117/500 accuracy=65.3100 loss=1.182792 selected=[69, 35, 52, 51, 26, 15, 76, 48, 98, 12] probes=[(76, 26), (52, 26)] seconds=10.00
ROUND 118/500 accuracy=68.2700 loss=1.042132 selected=[46, 57, 0, 86, 26, 80, 73, 20, 63, 98] probes=[(26, 57), (57, 98)] seconds=12.27
ROUND 119/500 accuracy=63.2300 loss=1.177140 selected=[81, 6, 64, 84, 20, 2, 8, 4, 66, 92] probes=[(66, 92), (8, 81)] seconds=9.91
ROUND 120/500 accuracy=69.2500 loss=0.946145 selected=[61, 34, 64, 11, 96, 18, 82, 52, 72, 92] probes=[(82, 18), (11, 52)] seconds=10.62
ROUND 121/500 accuracy=71.5700 loss=0.906132 selected=[93, 68, 94, 13, 36, 11, 5, 1, 40, 7] probes=[(13, 7), (7, 11)] seconds=12.10
ROUND 122/500 accuracy=69.0200 loss=0.984007 selected=[73, 64, 37, 69, 31, 48, 77, 41, 53, 75] probes=[(48, 37), (53, 69)] seconds=10.25
ROUND 123/500 accuracy=72.0100 loss=0.914054 selected=[46, 43, 84, 11, 66, 92, 16, 19, 96, 37] probes=[(92, 11), (96, 16)] seconds=9.13
ROUND 124/500 accuracy=62.0500 loss=1.315725 selected=[43, 96, 9, 0, 74, 19, 1, 23, 38, 66] probes=[(96, 19), (74, 38)] seconds=8.80
ROUND 125/500 accuracy=62.6800 loss=1.337983 selected=[27, 62, 32, 10, 22, 72, 64, 25, 86, 60] probes=[(62, 60), (60, 32)] seconds=10.72
ROUND 126/500 accuracy=64.2900 loss=1.222810 selected=[84, 7, 64, 76, 15, 46, 27, 47, 40, 69] probes=[(47, 84), (27, 76)] seconds=10.60
ROUND 127/500 accuracy=71.2000 loss=0.927334 selected=[75, 97, 79, 87, 11, 7, 37, 92, 41, 12] probes=[(11, 97), (79, 75)] seconds=11.66
ROUND 128/500 accuracy=68.2400 loss=1.033586 selected=[78, 4, 17, 21, 76, 74, 19, 61, 45, 86] probes=[(74, 86), (4, 21)] seconds=10.19
ROUND 129/500 accuracy=71.0300 loss=0.964763 selected=[23, 41, 75, 36, 26, 49, 95, 16, 93, 72] probes=[(75, 16), (36, 41)] seconds=13.01
ROUND 130/500 accuracy=68.5600 loss=1.061034 selected=[59, 53, 65, 8, 68, 35, 13, 55, 23, 97] probes=[(55, 97), (97, 65)] seconds=11.63
ROUND 131/500 accuracy=66.2800 loss=1.065210 selected=[74, 98, 22, 45, 97, 87, 92, 71, 47, 79] probes=[(71, 47), (47, 74)] seconds=9.75
ROUND 132/500 accuracy=74.2100 loss=0.866735 selected=[35, 70, 59, 49, 36, 91, 82, 50, 26, 72] probes=[(50, 49), (49, 82)] seconds=10.87
ROUND 133/500 accuracy=69.3100 loss=1.030713 selected=[22, 83, 75, 29, 66, 48, 12, 10, 86, 1] probes=[(1, 83), (22, 29)] seconds=10.09
ROUND 134/500 accuracy=72.9700 loss=0.883261 selected=[76, 33, 40, 59, 65, 63, 73, 36, 99, 82] probes=[(63, 65), (73, 59)] seconds=13.32
ROUND 135/500 accuracy=66.5800 loss=1.163200 selected=[85, 88, 54, 40, 70, 67, 86, 38, 58, 42] probes=[(88, 54), (58, 85)] seconds=10.77
ROUND 136/500 accuracy=59.3900 loss=1.420756 selected=[89, 56, 12, 90, 94, 86, 19, 78, 92, 59] probes=[(86, 90), (94, 89)] seconds=10.29
ROUND 137/500 accuracy=72.1100 loss=0.949396 selected=[7, 94, 69, 44, 50, 26, 75, 24, 33, 18] probes=[(50, 44), (69, 33)] seconds=12.13
ROUND 138/500 accuracy=73.4500 loss=0.909407 selected=[89, 75, 84, 93, 35, 71, 19, 63, 59, 94] probes=[(94, 63), (89, 63)] seconds=10.91
ROUND 139/500 accuracy=69.6800 loss=1.043028 selected=[54, 66, 17, 43, 53, 40, 76, 1, 4, 81] probes=[(43, 53), (76, 53)] seconds=9.37
ROUND 140/500 accuracy=71.6700 loss=0.970231 selected=[52, 51, 97, 7, 41, 61, 29, 88, 49, 26] probes=[(29, 97), (88, 26)] seconds=10.74
ROUND 141/500 accuracy=72.9000 loss=0.919460 selected=[21, 47, 20, 59, 85, 2, 99, 70, 54, 50] probes=[(85, 70), (99, 47)] seconds=10.71
ROUND 142/500 accuracy=66.7000 loss=1.183794 selected=[65, 98, 79, 6, 58, 92, 19, 37, 33, 75] probes=[(19, 6), (92, 19)] seconds=12.80
ROUND 143/500 accuracy=61.4200 loss=1.378612 selected=[44, 84, 56, 0, 69, 15, 66, 78, 42, 95] probes=[(95, 66), (42, 66)] seconds=9.99
ROUND 144/500 accuracy=71.4100 loss=0.907064 selected=[36, 20, 53, 26, 80, 67, 25, 37, 39, 10] probes=[(10, 26), (20, 80)] seconds=12.48
ROUND 145/500 accuracy=71.7000 loss=0.947563 selected=[54, 62, 65, 69, 82, 46, 64, 70, 59, 11] probes=[(54, 46), (70, 11)] seconds=11.97
ROUND 146/500 accuracy=61.7000 loss=1.364086 selected=[78, 89, 64, 25, 85, 9, 57, 41, 97, 45] probes=[(78, 89), (89, 85)] seconds=10.83
ROUND 147/500 accuracy=70.7400 loss=0.986814 selected=[32, 8, 70, 41, 12, 19, 88, 20, 98, 33] probes=[(33, 41), (12, 98)] seconds=11.32
ROUND 148/500 accuracy=70.5100 loss=1.012091 selected=[50, 29, 81, 33, 44, 69, 2, 68, 93, 85] probes=[(93, 2), (68, 44)] seconds=11.94
ROUND 149/500 accuracy=71.5400 loss=0.929208 selected=[5, 84, 70, 73, 31, 62, 69, 13, 86, 74] probes=[(70, 84), (62, 70)] seconds=10.73
ROUND 150/500 accuracy=71.1900 loss=0.970077 selected=[69, 9, 41, 83, 76, 63, 34, 67, 36, 87] probes=[(87, 41), (83, 76)] seconds=10.32
ROUND 151/500 accuracy=63.4900 loss=1.359698 selected=[40, 77, 95, 52, 25, 38, 46, 47, 93, 88] probes=[(47, 95), (25, 38)] seconds=10.94
ROUND 152/500 accuracy=68.1100 loss=1.104407 selected=[14, 22, 87, 6, 15, 36, 37, 44, 48, 38] probes=[(36, 44), (48, 38)] seconds=12.41
ROUND 153/500 accuracy=71.5600 loss=0.956645 selected=[14, 66, 74, 62, 49, 45, 18, 79, 15, 68] probes=[(74, 49), (66, 15)] seconds=11.05
ROUND 154/500 accuracy=69.7800 loss=1.011193 selected=[92, 32, 77, 87, 27, 13, 14, 47, 22, 73] probes=[(92, 87), (22, 32)] seconds=9.43
ROUND 155/500 accuracy=69.5700 loss=1.055110 selected=[60, 31, 44, 3, 84, 25, 98, 73, 52, 82] probes=[(82, 84), (98, 73)] seconds=10.68
ROUND 156/500 accuracy=70.5100 loss=0.987976 selected=[66, 38, 74, 49, 46, 45, 12, 0, 81, 23] probes=[(49, 0), (0, 66)] seconds=11.44
ROUND 157/500 accuracy=59.8800 loss=1.593726 selected=[6, 14, 56, 8, 37, 71, 68, 53, 88, 65] probes=[(14, 8), (71, 37)] seconds=12.61
ROUND 158/500 accuracy=67.6000 loss=1.081018 selected=[76, 40, 68, 38, 91, 92, 18, 11, 69, 94] probes=[(38, 68), (94, 69)] seconds=9.71
ROUND 159/500 accuracy=70.0200 loss=1.020652 selected=[0, 23, 91, 83, 98, 64, 90, 32, 84, 36] probes=[(90, 91), (23, 83)] seconds=10.92
ROUND 160/500 accuracy=68.6300 loss=1.029784 selected=[15, 9, 95, 71, 80, 49, 39, 81, 30, 8] probes=[(30, 9), (71, 39)] seconds=11.10
ROUND 161/500 accuracy=73.4200 loss=0.885882 selected=[29, 87, 67, 36, 35, 96, 15, 61, 24, 62] probes=[(15, 96), (67, 61)] seconds=10.15
ROUND 162/500 accuracy=72.0100 loss=0.954001 selected=[13, 58, 87, 52, 50, 60, 3, 19, 35, 0] probes=[(87, 58), (3, 52)] seconds=11.19
ROUND 163/500 accuracy=65.9800 loss=1.189591 selected=[55, 46, 66, 67, 73, 12, 51, 1, 57, 90] probes=[(1, 67), (73, 66)] seconds=10.02
ROUND 164/500 accuracy=70.3500 loss=0.948112 selected=[40, 72, 92, 86, 89, 90, 16, 98, 73, 58] probes=[(73, 86), (92, 73)] seconds=10.52
ROUND 165/500 accuracy=72.9000 loss=0.931581 selected=[0, 58, 47, 44, 94, 66, 4, 7, 27, 2] probes=[(0, 47), (2, 7)] seconds=11.48
ROUND 166/500 accuracy=72.3300 loss=0.982593 selected=[58, 87, 14, 78, 40, 83, 73, 18, 52, 31] probes=[(31, 73), (78, 14)] seconds=11.48
ROUND 167/500 accuracy=70.8100 loss=1.001118 selected=[99, 22, 62, 86, 5, 20, 9, 51, 7, 54] probes=[(62, 22), (51, 86)] seconds=11.44
ROUND 168/500 accuracy=70.5200 loss=1.023407 selected=[97, 37, 42, 7, 22, 5, 24, 56, 69, 12] probes=[(5, 42), (97, 37)] seconds=10.94
ROUND 169/500 accuracy=72.1200 loss=0.959601 selected=[96, 22, 76, 44, 59, 78, 12, 68, 94, 87] probes=[(96, 59), (68, 12)] seconds=10.32
ROUND 170/500 accuracy=70.6500 loss=1.016813 selected=[45, 7, 65, 19, 95, 16, 35, 23, 83, 88] probes=[(88, 16), (45, 65)] seconds=12.88
ROUND 171/500 accuracy=69.7300 loss=1.100812 selected=[12, 91, 4, 90, 47, 66, 33, 9, 61, 84] probes=[(47, 12), (4, 66)] seconds=11.02
ROUND 172/500 accuracy=70.0800 loss=1.047283 selected=[46, 60, 83, 2, 37, 70, 93, 29, 3, 43] probes=[(3, 70), (29, 83)] seconds=10.59
ROUND 173/500 accuracy=68.1500 loss=1.154844 selected=[27, 45, 49, 4, 31, 62, 9, 95, 69, 72] probes=[(49, 95), (62, 31)] seconds=10.35
ROUND 174/500 accuracy=68.7800 loss=0.995860 selected=[27, 28, 1, 92, 55, 48, 74, 7, 99, 62] probes=[(27, 74), (74, 99)] seconds=9.94
ROUND 175/500 accuracy=72.4600 loss=0.973371 selected=[24, 0, 9, 11, 31, 45, 58, 35, 69, 21] probes=[(35, 58), (45, 35)] seconds=10.57
ROUND 176/500 accuracy=71.8000 loss=0.944275 selected=[42, 98, 67, 21, 24, 81, 20, 75, 29, 36] probes=[(20, 42), (75, 24)] seconds=11.67
ROUND 177/500 accuracy=69.6900 loss=1.098290 selected=[49, 75, 33, 60, 42, 64, 69, 11, 47, 70] probes=[(70, 47), (64, 70)] seconds=11.63
ROUND 178/500 accuracy=69.7500 loss=1.128880 selected=[96, 60, 16, 70, 73, 40, 11, 24, 87, 93] probes=[(70, 87), (60, 40)] seconds=11.45
ROUND 179/500 accuracy=74.0300 loss=0.897822 selected=[37, 16, 85, 31, 69, 36, 54, 25, 32, 38] probes=[(37, 32), (16, 38)] seconds=11.32
ROUND 180/500 accuracy=70.4900 loss=1.023774 selected=[80, 92, 61, 76, 19, 28, 7, 73, 67, 38] probes=[(67, 92), (28, 61)] seconds=12.25
ROUND 181/500 accuracy=70.3600 loss=1.084548 selected=[78, 26, 35, 44, 29, 85, 64, 66, 97, 21] probes=[(85, 29), (35, 66)] seconds=11.01
ROUND 182/500 accuracy=66.0900 loss=1.165626 selected=[78, 73, 10, 52, 54, 24, 44, 70, 99, 90] probes=[(99, 44), (70, 73)] seconds=13.16
ROUND 183/500 accuracy=73.1700 loss=0.949094 selected=[96, 38, 1, 4, 36, 19, 77, 52, 41, 49] probes=[(1, 38), (36, 38)] seconds=11.44
ROUND 184/500 accuracy=71.1400 loss=1.028160 selected=[87, 55, 49, 7, 51, 67, 40, 21, 34, 0] probes=[(49, 55), (21, 87)] seconds=13.34
ROUND 185/500 accuracy=74.0300 loss=0.933119 selected=[74, 63, 39, 14, 96, 82, 21, 45, 88, 13] probes=[(74, 21), (39, 88)] seconds=10.88
ROUND 186/500 accuracy=68.3500 loss=1.238502 selected=[1, 26, 23, 59, 22, 57, 27, 60, 18, 69] probes=[(60, 23), (57, 1)] seconds=14.73
ROUND 187/500 accuracy=68.1500 loss=1.107397 selected=[34, 87, 43, 64, 27, 92, 78, 55, 68, 7] probes=[(64, 92), (68, 64)] seconds=14.74
ROUND 188/500 accuracy=70.3500 loss=1.031521 selected=[67, 20, 34, 69, 85, 14, 86, 81, 36, 76] probes=[(34, 76), (69, 86)] seconds=17.60
ROUND 189/500 accuracy=67.9100 loss=1.212973 selected=[57, 7, 53, 49, 74, 65, 76, 29, 78, 80] probes=[(78, 57), (74, 7)] seconds=17.55
ROUND 190/500 accuracy=70.5400 loss=1.059596 selected=[71, 25, 7, 77, 39, 51, 87, 5, 45, 11] probes=[(11, 71), (51, 7)] seconds=13.16
ROUND 191/500 accuracy=66.4400 loss=1.234672 selected=[60, 21, 34, 0, 98, 92, 44, 65, 66, 3] probes=[(66, 98), (44, 66)] seconds=14.78
ROUND 192/500 accuracy=69.1900 loss=1.077219 selected=[36, 59, 66, 20, 0, 16, 86, 71, 90, 56] probes=[(16, 56), (56, 90)] seconds=14.19
ROUND 193/500 accuracy=74.2600 loss=0.923521 selected=[19, 22, 51, 45, 91, 26, 14, 83, 15, 67] probes=[(26, 45), (22, 14)] seconds=12.88
ROUND 194/500 accuracy=66.3600 loss=1.214766 selected=[62, 14, 3, 92, 78, 33, 89, 48, 70, 31] probes=[(92, 89), (33, 62)] seconds=15.52
ROUND 195/500 accuracy=71.2400 loss=0.989725 selected=[37, 10, 88, 63, 53, 68, 2, 52, 26, 59] probes=[(26, 10), (68, 63)] seconds=13.68
ROUND 196/500 accuracy=73.9300 loss=0.923275 selected=[59, 71, 85, 49, 20, 10, 3, 86, 88, 33] probes=[(88, 3), (49, 71)] seconds=14.91
ROUND 197/500 accuracy=54.4200 loss=1.755743 selected=[9, 0, 18, 66, 44, 17, 92, 95, 64, 96] probes=[(0, 66), (92, 44)] seconds=12.70
ROUND 198/500 accuracy=69.7800 loss=1.095209 selected=[70, 58, 24, 57, 32, 19, 43, 65, 5, 88] probes=[(58, 88), (32, 24)] seconds=15.71
ROUND 199/500 accuracy=59.9900 loss=1.553467 selected=[61, 75, 68, 2, 6, 26, 1, 56, 78, 74] probes=[(6, 68), (74, 1)] seconds=13.36
ROUND 200/500 accuracy=58.2900 loss=1.462399 selected=[8, 57, 22, 90, 46, 9, 56, 99, 89, 4] probes=[(90, 56), (22, 89)] seconds=12.35
ROUND 201/500 accuracy=68.6700 loss=1.090649 selected=[83, 41, 69, 7, 63, 51, 78, 89, 43, 81] probes=[(51, 63), (89, 63)] seconds=13.08
ROUND 202/500 accuracy=68.2700 loss=1.142001 selected=[74, 76, 14, 98, 73, 37, 94, 68, 39, 11] probes=[(11, 68), (94, 11)] seconds=13.56
ROUND 203/500 accuracy=59.8900 loss=1.453392 selected=[38, 78, 17, 56, 90, 34, 42, 0, 1, 12] probes=[(17, 0), (0, 90)] seconds=13.01
ROUND 204/500 accuracy=71.0900 loss=0.983968 selected=[45, 36, 95, 8, 99, 75, 93, 4, 24, 58] probes=[(8, 58), (75, 4)] seconds=13.90
ROUND 205/500 accuracy=69.0100 loss=1.044317 selected=[66, 46, 89, 23, 4, 97, 78, 26, 79, 52] probes=[(26, 46), (89, 66)] seconds=14.79
ROUND 206/500 accuracy=71.7600 loss=0.984616 selected=[71, 79, 23, 7, 97, 86, 72, 57, 70, 64] probes=[(7, 23), (71, 23)] seconds=16.78
ROUND 207/500 accuracy=68.2000 loss=1.054280 selected=[55, 14, 21, 43, 5, 30, 35, 15, 28, 34] probes=[(14, 55), (35, 34)] seconds=13.47
ROUND 208/500 accuracy=69.9500 loss=1.059581 selected=[54, 51, 22, 85, 73, 90, 4, 69, 75, 6] probes=[(4, 6), (73, 90)] seconds=12.94
ROUND 209/500 accuracy=70.5900 loss=1.007877 selected=[78, 98, 48, 28, 76, 96, 97, 69, 66, 65] probes=[(98, 65), (69, 48)] seconds=13.54
ROUND 210/500 accuracy=70.8400 loss=1.012858 selected=[52, 54, 70, 39, 89, 14, 77, 74, 15, 88] probes=[(52, 88), (39, 77)] seconds=12.96
ROUND 211/500 accuracy=67.9900 loss=1.116300 selected=[58, 12, 87, 84, 91, 62, 82, 57, 6, 21] probes=[(82, 57), (84, 62)] seconds=15.32
ROUND 212/500 accuracy=74.8800 loss=0.856817 selected=[59, 99, 54, 55, 14, 63, 7, 88, 91, 52] probes=[(14, 99), (63, 59)] seconds=14.91
ROUND 213/500 accuracy=72.0700 loss=0.941692 selected=[44, 73, 39, 28, 18, 92, 52, 79, 54, 77] probes=[(54, 39), (28, 73)] seconds=13.13
ROUND 214/500 accuracy=73.1900 loss=0.981491 selected=[59, 70, 54, 27, 89, 21, 42, 25, 60, 49] probes=[(89, 42), (60, 49)] seconds=13.50
ROUND 215/500 accuracy=72.9800 loss=0.968043 selected=[2, 56, 59, 80, 62, 19, 42, 33, 72, 35] probes=[(56, 33), (2, 35)] seconds=12.53
ROUND 216/500 accuracy=71.5300 loss=1.015325 selected=[53, 17, 11, 78, 66, 39, 94, 4, 47, 90] probes=[(66, 53), (47, 11)] seconds=13.46
ROUND 217/500 accuracy=62.7500 loss=1.352677 selected=[48, 51, 34, 78, 92, 54, 96, 84, 88, 74] probes=[(88, 92), (48, 54)] seconds=11.76
ROUND 218/500 accuracy=73.5300 loss=0.906412 selected=[15, 25, 50, 89, 72, 20, 85, 47, 1, 3] probes=[(3, 50), (25, 1)] seconds=14.17
ROUND 219/500 accuracy=72.9400 loss=0.954040 selected=[91, 39, 11, 12, 93, 64, 30, 79, 29, 49] probes=[(64, 39), (93, 11)] seconds=13.47
ROUND 220/500 accuracy=63.7200 loss=1.385315 selected=[21, 88, 95, 65, 60, 8, 46, 31, 63, 72] probes=[(88, 46), (8, 72)] seconds=13.40
ROUND 221/500 accuracy=66.3600 loss=1.092188 selected=[96, 63, 58, 77, 95, 23, 61, 29, 91, 59] probes=[(91, 63), (63, 59)] seconds=13.38
ROUND 222/500 accuracy=62.9600 loss=1.351161 selected=[8, 69, 44, 89, 49, 36, 77, 19, 92, 72] probes=[(8, 49), (72, 69)] seconds=12.48
ROUND 223/500 accuracy=73.1800 loss=0.942098 selected=[47, 49, 1, 80, 27, 9, 83, 72, 76, 92] probes=[(47, 83), (76, 92)] seconds=12.31
ROUND 224/500 accuracy=72.0100 loss=1.031096 selected=[10, 57, 54, 1, 80, 76, 56, 39, 14, 20] probes=[(10, 76), (20, 39)] seconds=14.59
ROUND 225/500 accuracy=67.3400 loss=1.134940 selected=[6, 62, 31, 90, 3, 51, 24, 91, 23, 55] probes=[(6, 24), (55, 90)] seconds=14.52
ROUND 226/500 accuracy=67.5300 loss=1.142523 selected=[98, 18, 78, 89, 27, 80, 33, 86, 88, 15] probes=[(98, 89), (89, 80)] seconds=13.04
ROUND 227/500 accuracy=72.1200 loss=1.007152 selected=[85, 12, 59, 60, 73, 80, 0, 10, 23, 13] probes=[(0, 13), (12, 73)] seconds=14.92
ROUND 228/500 accuracy=67.6100 loss=1.162550 selected=[35, 46, 54, 87, 84, 51, 27, 95, 21, 61] probes=[(51, 87), (87, 84)] seconds=12.24
ROUND 229/500 accuracy=63.6500 loss=1.318826 selected=[64, 6, 96, 98, 27, 71, 18, 3, 1, 95] probes=[(96, 18), (27, 64)] seconds=10.90
ROUND 230/500 accuracy=72.2300 loss=0.898331 selected=[88, 90, 96, 35, 69, 11, 60, 48, 23, 42] probes=[(88, 23), (69, 11)] seconds=12.48
ROUND 231/500 accuracy=66.7000 loss=1.136863 selected=[98, 88, 43, 57, 48, 99, 63, 53, 94, 55] probes=[(63, 55), (99, 55)] seconds=12.78
ROUND 232/500 accuracy=70.5700 loss=1.064345 selected=[96, 75, 74, 76, 39, 80, 34, 12, 60, 20] probes=[(34, 60), (76, 80)] seconds=13.66
ROUND 233/500 accuracy=69.2200 loss=1.077308 selected=[20, 47, 38, 59, 64, 82, 60, 45, 63, 85] probes=[(63, 60), (82, 45)] seconds=13.10
ROUND 234/500 accuracy=61.1400 loss=1.539031 selected=[32, 6, 51, 4, 8, 22, 72, 86, 55, 12] probes=[(86, 51), (4, 12)] seconds=12.49
ROUND 235/500 accuracy=62.4700 loss=1.391693 selected=[45, 71, 84, 65, 61, 83, 87, 53, 77, 51] probes=[(45, 51), (87, 61)] seconds=12.88
ROUND 236/500 accuracy=73.8300 loss=0.897079 selected=[13, 71, 56, 63, 49, 44, 85, 76, 50, 93] probes=[(76, 49), (93, 71)] seconds=13.51
ROUND 237/500 accuracy=70.9500 loss=1.016844 selected=[45, 52, 95, 68, 64, 15, 29, 54, 43, 93] probes=[(45, 29), (15, 43)] seconds=12.15
ROUND 238/500 accuracy=70.1700 loss=1.060071 selected=[58, 70, 25, 56, 87, 27, 94, 1, 74, 44] probes=[(94, 44), (87, 74)] seconds=12.96
ROUND 239/500 accuracy=72.1900 loss=0.962982 selected=[2, 7, 31, 45, 81, 62, 23, 97, 18, 27] probes=[(2, 18), (31, 7)] seconds=13.93
ROUND 240/500 accuracy=65.9200 loss=1.205626 selected=[25, 13, 40, 64, 52, 44, 22, 48, 3, 46] probes=[(22, 40), (40, 46)] seconds=14.32
ROUND 241/500 accuracy=71.9600 loss=0.999842 selected=[84, 9, 72, 56, 13, 98, 21, 79, 71, 32] probes=[(9, 32), (56, 71)] seconds=11.05
ROUND 242/500 accuracy=74.1800 loss=0.912584 selected=[32, 2, 36, 91, 58, 81, 87, 68, 25, 5] probes=[(36, 87), (91, 87)] seconds=14.96
ROUND 243/500 accuracy=72.8000 loss=0.980217 selected=[25, 41, 74, 21, 97, 69, 4, 17, 3, 88] probes=[(88, 25), (69, 97)] seconds=13.17
ROUND 244/500 accuracy=73.0100 loss=1.018291 selected=[80, 19, 97, 75, 60, 93, 78, 40, 32, 87] probes=[(87, 19), (93, 19)] seconds=14.51
ROUND 245/500 accuracy=75.1100 loss=0.924728 selected=[70, 59, 68, 16, 36, 72, 71, 45, 91, 56] probes=[(45, 36), (91, 71)] seconds=12.86
ROUND 246/500 accuracy=74.3800 loss=0.972035 selected=[83, 81, 9, 39, 2, 67, 66, 98, 80, 51] probes=[(83, 81), (81, 39)] seconds=11.77
ROUND 247/500 accuracy=55.8100 loss=2.142829 selected=[43, 64, 42, 4, 78, 0, 39, 57, 37, 98] probes=[(37, 78), (57, 37)] seconds=12.18
ROUND 248/500 accuracy=71.3900 loss=1.010542 selected=[11, 6, 16, 48, 14, 19, 68, 82, 94, 39] probes=[(14, 48), (94, 19)] seconds=15.39
ROUND 249/500 accuracy=65.8000 loss=1.300601 selected=[0, 7, 93, 77, 78, 38, 46, 99, 42, 54] probes=[(77, 93), (93, 38)] seconds=12.92
ROUND 250/500 accuracy=72.0500 loss=0.981090 selected=[36, 70, 71, 57, 63, 73, 69, 17, 48, 47] probes=[(36, 69), (57, 17)] seconds=17.20
ROUND 251/500 accuracy=73.6300 loss=0.987681 selected=[10, 42, 60, 43, 85, 48, 1, 91, 22, 26] probes=[(42, 85), (10, 85)] seconds=11.41
ROUND 252/500 accuracy=69.3500 loss=1.065042 selected=[46, 3, 23, 96, 47, 32, 52, 50, 82, 28] probes=[(3, 28), (23, 46)] seconds=15.31
ROUND 253/500 accuracy=67.6500 loss=1.399248 selected=[2, 55, 26, 94, 14, 72, 5, 50, 91, 42] probes=[(42, 50), (72, 26)] seconds=11.99
ROUND 254/500 accuracy=69.1200 loss=1.162530 selected=[75, 69, 0, 7, 53, 77, 67, 64, 62, 73] probes=[(69, 7), (53, 75)] seconds=13.37
ROUND 255/500 accuracy=75.1400 loss=0.878571 selected=[14, 27, 66, 5, 15, 75, 91, 28, 63, 62] probes=[(15, 14), (91, 28)] seconds=13.49
ROUND 256/500 accuracy=55.8200 loss=1.859248 selected=[74, 39, 76, 51, 46, 12, 95, 17, 68, 93] probes=[(17, 76), (12, 74)] seconds=14.11
ROUND 257/500 accuracy=67.5300 loss=1.097506 selected=[46, 28, 88, 96, 20, 23, 19, 15, 91, 11] probes=[(15, 11), (23, 88)] seconds=15.19
ROUND 258/500 accuracy=68.1600 loss=1.156431 selected=[18, 46, 87, 61, 79, 50, 69, 97, 72, 37] probes=[(87, 69), (18, 69)] seconds=13.46
ROUND 259/500 accuracy=70.0400 loss=1.088246 selected=[34, 57, 53, 30, 72, 9, 37, 19, 5, 14] probes=[(30, 34), (53, 9)] seconds=14.16
ROUND 260/500 accuracy=73.0900 loss=0.949651 selected=[4, 67, 61, 35, 96, 86, 63, 9, 8, 36] probes=[(96, 67), (63, 86)] seconds=12.27
ROUND 261/500 accuracy=73.0600 loss=0.940558 selected=[89, 41, 20, 92, 67, 44, 61, 77, 3, 9] probes=[(61, 3), (20, 44)] seconds=13.70
ROUND 262/500 accuracy=73.4000 loss=1.003735 selected=[87, 20, 97, 50, 35, 68, 33, 98, 53, 96] probes=[(68, 20), (53, 33)] seconds=12.99
ROUND 263/500 accuracy=68.9800 loss=1.145352 selected=[89, 57, 26, 69, 23, 54, 68, 92, 4, 82] probes=[(4, 57), (89, 26)] seconds=14.02
ROUND 264/500 accuracy=72.2400 loss=0.973854 selected=[45, 31, 11, 28, 39, 71, 7, 91, 4, 93] probes=[(45, 28), (11, 39)] seconds=13.28
ROUND 265/500 accuracy=72.1100 loss=0.989992 selected=[2, 85, 50, 23, 46, 82, 83, 20, 49, 6] probes=[(49, 50), (85, 20)] seconds=15.28
ROUND 266/500 accuracy=72.7000 loss=0.986936 selected=[3, 42, 84, 62, 69, 25, 23, 76, 52, 75] probes=[(25, 23), (42, 23)] seconds=14.56
ROUND 267/500 accuracy=70.8900 loss=1.072948 selected=[4, 95, 1, 21, 83, 23, 48, 78, 42, 31] probes=[(95, 78), (23, 1)] seconds=13.78
ROUND 268/500 accuracy=55.5700 loss=1.803021 selected=[38, 6, 37, 55, 34, 97, 98, 74, 56, 45] probes=[(6, 37), (98, 56)] seconds=11.77
ROUND 269/500 accuracy=68.6100 loss=1.121346 selected=[54, 93, 74, 85, 16, 98, 50, 59, 70, 3] probes=[(54, 74), (98, 54)] seconds=11.81
ROUND 270/500 accuracy=66.9400 loss=1.244991 selected=[39, 20, 43, 1, 78, 0, 60, 31, 15, 6] probes=[(43, 15), (0, 43)] seconds=12.24
ROUND 271/500 accuracy=68.1900 loss=1.118816 selected=[42, 76, 2, 31, 19, 17, 83, 92, 44, 35] probes=[(44, 83), (31, 19)] seconds=12.12
ROUND 272/500 accuracy=69.9700 loss=0.974030 selected=[56, 91, 92, 28, 38, 82, 32, 98, 63, 85] probes=[(92, 56), (91, 63)] seconds=11.01
ROUND 273/500 accuracy=68.2400 loss=1.164270 selected=[5, 84, 60, 47, 3, 13, 65, 92, 19, 74] probes=[(3, 92), (65, 60)] seconds=15.88
ROUND 274/500 accuracy=47.3000 loss=2.216988 selected=[59, 45, 39, 67, 6, 78, 84, 80, 22, 57] probes=[(67, 78), (39, 84)] seconds=13.23
ROUND 275/500 accuracy=73.0000 loss=0.897086 selected=[64, 42, 43, 38, 94, 36, 68, 8, 11, 89] probes=[(43, 38), (8, 68)] seconds=10.28
ROUND 276/500 accuracy=70.2800 loss=1.085102 selected=[23, 69, 89, 9, 42, 74, 62, 68, 57, 93] probes=[(9, 23), (23, 68)] seconds=15.16
ROUND 277/500 accuracy=73.1400 loss=0.975102 selected=[85, 66, 93, 44, 48, 13, 3, 21, 23, 39] probes=[(93, 44), (85, 21)] seconds=14.79
ROUND 278/500 accuracy=71.6100 loss=0.980807 selected=[28, 94, 18, 68, 65, 53, 66, 75, 12, 92] probes=[(18, 94), (75, 28)] seconds=15.37
ROUND 279/500 accuracy=75.1000 loss=0.925694 selected=[90, 75, 39, 64, 49, 44, 66, 50, 60, 98] probes=[(66, 60), (60, 44)] seconds=12.24
ROUND 280/500 accuracy=73.3400 loss=0.964709 selected=[61, 27, 77, 23, 66, 33, 26, 42, 37, 78] probes=[(42, 33), (78, 77)] seconds=13.65
ROUND 281/500 accuracy=69.2300 loss=1.085318 selected=[0, 56, 5, 30, 76, 95, 53, 73, 63, 88] probes=[(95, 5), (56, 53)] seconds=12.69
ROUND 282/500 accuracy=68.7100 loss=1.084264 selected=[84, 89, 68, 64, 78, 62, 28, 30, 49, 41] probes=[(62, 49), (49, 89)] seconds=14.59
ROUND 283/500 accuracy=72.9500 loss=0.986030 selected=[67, 45, 94, 35, 39, 72, 5, 22, 7, 62] probes=[(45, 7), (35, 22)] seconds=12.39
ROUND 284/500 accuracy=72.0200 loss=1.043571 selected=[90, 91, 9, 58, 98, 5, 97, 92, 55, 12] probes=[(55, 91), (97, 55)] seconds=12.24
ROUND 285/500 accuracy=71.5000 loss=1.113625 selected=[84, 9, 22, 95, 91, 55, 21, 15, 13, 1] probes=[(55, 1), (21, 22)] seconds=12.35
ROUND 286/500 accuracy=63.2400 loss=1.430219 selected=[1, 53, 10, 7, 6, 90, 21, 92, 78, 46] probes=[(6, 46), (7, 90)] seconds=14.94
ROUND 287/500 accuracy=69.9800 loss=1.141344 selected=[85, 92, 66, 58, 24, 86, 82, 2, 7, 64] probes=[(2, 24), (82, 2)] seconds=14.17
ROUND 288/500 accuracy=72.3000 loss=0.978157 selected=[40, 50, 36, 99, 33, 79, 62, 74, 16, 22] probes=[(16, 36), (62, 50)] seconds=15.14
ROUND 289/500 accuracy=70.7700 loss=1.094052 selected=[25, 33, 10, 14, 87, 8, 51, 83, 69, 57] probes=[(25, 57), (69, 83)] seconds=14.29
ROUND 290/500 accuracy=73.9000 loss=0.959097 selected=[35, 15, 38, 19, 52, 46, 71, 9, 47, 75] probes=[(46, 71), (47, 75)] seconds=13.30
ROUND 291/500 accuracy=71.9800 loss=1.052717 selected=[86, 92, 14, 8, 45, 38, 60, 63, 82, 46] probes=[(8, 14), (82, 63)] seconds=12.51
ROUND 292/500 accuracy=69.3300 loss=1.228458 selected=[73, 57, 67, 14, 40, 24, 63, 35, 72, 69] probes=[(72, 35), (63, 40)] seconds=13.79
ROUND 293/500 accuracy=68.8700 loss=1.209537 selected=[77, 55, 61, 34, 18, 35, 0, 97, 98, 26] probes=[(77, 0), (0, 61)] seconds=12.16
ROUND 294/500 accuracy=69.9800 loss=1.086249 selected=[90, 30, 53, 77, 76, 85, 8, 35, 81, 69] probes=[(77, 76), (30, 81)] seconds=11.41
ROUND 295/500 accuracy=68.8300 loss=1.155501 selected=[52, 30, 46, 49, 35, 90, 6, 40, 20, 97] probes=[(46, 90), (30, 35)] seconds=14.52
ROUND 296/500 accuracy=72.1100 loss=1.049459 selected=[42, 21, 97, 18, 44, 48, 98, 45, 7, 95] probes=[(48, 7), (44, 21)] seconds=13.69
ROUND 297/500 accuracy=73.8200 loss=1.016535 selected=[67, 72, 49, 58, 2, 66, 55, 98, 25, 53] probes=[(58, 2), (98, 66)] seconds=13.52
ROUND 298/500 accuracy=63.1400 loss=1.493143 selected=[16, 2, 36, 77, 86, 40, 87, 33, 95, 75] probes=[(16, 40), (2, 86)] seconds=14.33
ROUND 299/500 accuracy=70.3100 loss=1.153253 selected=[1, 66, 81, 52, 47, 99, 38, 56, 65, 4] probes=[(65, 38), (56, 52)] seconds=15.08
ROUND 300/500 accuracy=73.2700 loss=1.013740 selected=[73, 93, 90, 66, 22, 52, 77, 18, 71, 39] probes=[(39, 93), (90, 66)] seconds=12.77
ROUND 301/500 accuracy=74.4700 loss=0.921620 selected=[58, 81, 11, 2, 36, 79, 23, 5, 64, 30] probes=[(81, 36), (30, 81)] seconds=15.78
ROUND 302/500 accuracy=67.6800 loss=1.200156 selected=[9, 94, 15, 47, 62, 70, 17, 6, 41, 89] probes=[(15, 62), (62, 94)] seconds=14.76
ROUND 303/500 accuracy=72.9700 loss=1.004400 selected=[11, 61, 88, 74, 91, 35, 80, 33, 93, 38] probes=[(74, 93), (93, 11)] seconds=13.79
ROUND 304/500 accuracy=70.4800 loss=1.092690 selected=[97, 89, 66, 76, 71, 39, 74, 15, 42, 56] probes=[(74, 42), (89, 71)] seconds=11.82
ROUND 305/500 accuracy=73.7200 loss=0.996343 selected=[50, 21, 55, 36, 22, 52, 42, 38, 66, 69] probes=[(21, 50), (50, 55)] seconds=12.80
ROUND 306/500 accuracy=71.9200 loss=1.038033 selected=[17, 80, 30, 13, 40, 72, 26, 43, 5, 78] probes=[(80, 30), (26, 13)] seconds=13.84
ROUND 307/500 accuracy=70.9200 loss=1.119753 selected=[25, 34, 22, 83, 5, 21, 56, 97, 10, 33] probes=[(97, 21), (5, 34)] seconds=13.73
ROUND 308/500 accuracy=70.8600 loss=1.058140 selected=[17, 62, 3, 16, 99, 5, 53, 86, 20, 48] probes=[(3, 16), (62, 99)] seconds=15.14
ROUND 309/500 accuracy=73.4800 loss=0.998436 selected=[8, 39, 75, 10, 19, 70, 99, 30, 87, 38] probes=[(10, 39), (87, 39)] seconds=12.62
ROUND 310/500 accuracy=74.7100 loss=0.996783 selected=[55, 15, 1, 3, 7, 60, 87, 66, 51, 26] probes=[(87, 60), (3, 55)] seconds=13.56
ROUND 311/500 accuracy=71.3600 loss=1.157386 selected=[88, 98, 93, 59, 71, 87, 57, 41, 11, 16] probes=[(87, 98), (93, 88)] seconds=13.19
ROUND 312/500 accuracy=73.0600 loss=0.992592 selected=[30, 31, 13, 49, 28, 85, 8, 66, 51, 80] probes=[(30, 80), (8, 49)] seconds=12.67
ROUND 313/500 accuracy=73.2700 loss=1.031830 selected=[83, 21, 82, 97, 62, 68, 42, 0, 38, 55] probes=[(55, 0), (0, 38)] seconds=13.21
ROUND 314/500 accuracy=73.7200 loss=1.018979 selected=[19, 13, 22, 40, 66, 47, 38, 39, 81, 98] probes=[(19, 98), (98, 19)] seconds=11.67
ROUND 315/500 accuracy=72.4000 loss=1.107622 selected=[54, 1, 4, 0, 97, 68, 86, 80, 75, 92] probes=[(4, 1), (97, 75)] seconds=12.64
ROUND 316/500 accuracy=69.1900 loss=1.073945 selected=[72, 83, 95, 58, 10, 4, 20, 79, 28, 9] probes=[(28, 4), (72, 28)] seconds=13.43
ROUND 317/500 accuracy=68.0800 loss=1.193235 selected=[65, 17, 69, 40, 60, 57, 93, 41, 67, 36] probes=[(41, 57), (65, 60)] seconds=18.13
ROUND 318/500 accuracy=67.5100 loss=1.094949 selected=[40, 54, 79, 28, 15, 30, 87, 4, 62, 94] probes=[(54, 15), (62, 54)] seconds=13.55
ROUND 319/500 accuracy=58.5700 loss=1.788592 selected=[98, 95, 8, 66, 11, 5, 65, 74, 38, 34] probes=[(38, 8), (11, 5)] seconds=12.63
ROUND 320/500 accuracy=62.6900 loss=1.325895 selected=[23, 30, 92, 34, 68, 66, 16, 29, 2, 55] probes=[(2, 16), (23, 29)] seconds=14.48
ROUND 321/500 accuracy=68.4800 loss=1.124988 selected=[29, 76, 47, 99, 54, 42, 94, 65, 2, 53] probes=[(29, 54), (54, 99)] seconds=13.48
ROUND 322/500 accuracy=67.6000 loss=1.240020 selected=[98, 84, 92, 26, 13, 81, 18, 54, 4, 21] probes=[(84, 92), (92, 54)] seconds=11.16
ROUND 323/500 accuracy=71.7300 loss=1.023832 selected=[45, 99, 5, 27, 74, 42, 43, 58, 68, 55] probes=[(74, 45), (99, 58)] seconds=12.05
ROUND 324/500 accuracy=73.6100 loss=0.987100 selected=[53, 32, 69, 2, 21, 92, 46, 0, 60, 94] probes=[(0, 94), (46, 92)] seconds=12.94
ROUND 325/500 accuracy=75.5700 loss=0.932337 selected=[5, 78, 42, 67, 16, 88, 27, 26, 55, 50] probes=[(50, 5), (26, 16)] seconds=11.64
ROUND 326/500 accuracy=73.7100 loss=0.993003 selected=[92, 38, 23, 87, 14, 63, 3, 27, 77, 95] probes=[(77, 87), (63, 3)] seconds=12.69
ROUND 327/500 accuracy=74.9300 loss=0.963220 selected=[29, 67, 66, 87, 18, 85, 35, 74, 80, 52] probes=[(85, 87), (66, 67)] seconds=13.00
ROUND 328/500 accuracy=72.7200 loss=1.038380 selected=[47, 62, 71, 91, 96, 12, 35, 86, 45, 40] probes=[(35, 47), (86, 45)] seconds=13.10
ROUND 329/500 accuracy=75.7400 loss=0.952687 selected=[39, 12, 80, 50, 91, 85, 21, 32, 56, 92] probes=[(91, 12), (12, 56)] seconds=11.91
ROUND 330/500 accuracy=74.3200 loss=1.012017 selected=[87, 43, 52, 25, 81, 93, 23, 13, 20, 16] probes=[(20, 16), (93, 87)] seconds=15.53
ROUND 331/500 accuracy=68.3500 loss=1.307774 selected=[64, 78, 70, 54, 6, 83, 13, 48, 14, 77] probes=[(83, 13), (13, 78)] seconds=12.21
ROUND 332/500 accuracy=70.0700 loss=1.130249 selected=[98, 49, 37, 78, 75, 62, 24, 13, 30, 32] probes=[(49, 24), (75, 78)] seconds=13.57
ROUND 333/500 accuracy=74.3900 loss=0.959112 selected=[43, 17, 81, 55, 86, 96, 97, 93, 71, 88] probes=[(88, 93), (81, 97)] seconds=13.38
ROUND 334/500 accuracy=73.4800 loss=1.034856 selected=[62, 58, 77, 68, 49, 22, 25, 78, 66, 38] probes=[(22, 25), (58, 66)] seconds=14.81
ROUND 335/500 accuracy=74.1900 loss=1.002531 selected=[59, 19, 35, 71, 64, 99, 76, 48, 15, 32] probes=[(64, 35), (15, 71)] seconds=11.99
ROUND 336/500 accuracy=75.4900 loss=0.927743 selected=[35, 56, 94, 97, 47, 16, 78, 1, 53, 49] probes=[(94, 35), (56, 1)] seconds=12.38
ROUND 337/500 accuracy=75.3100 loss=0.935742 selected=[7, 46, 61, 24, 34, 8, 76, 42, 36, 98] probes=[(98, 34), (7, 42)] seconds=13.60
ROUND 338/500 accuracy=74.7300 loss=0.985199 selected=[21, 72, 12, 24, 31, 74, 77, 56, 73, 44] probes=[(77, 56), (12, 56)] seconds=11.88
ROUND 339/500 accuracy=73.8100 loss=1.020557 selected=[25, 46, 31, 75, 77, 90, 65, 69, 52, 99] probes=[(90, 52), (65, 75)] seconds=15.94
ROUND 340/500 accuracy=74.3900 loss=1.037134 selected=[83, 19, 96, 66, 7, 59, 18, 62, 72, 22] probes=[(19, 22), (62, 18)] seconds=13.58
ROUND 341/500 accuracy=70.4300 loss=1.121698 selected=[87, 11, 77, 20, 41, 17, 86, 95, 44, 24] probes=[(17, 11), (77, 24)] seconds=14.87
ROUND 342/500 accuracy=73.0200 loss=1.072913 selected=[56, 20, 94, 49, 25, 97, 23, 41, 26, 81] probes=[(25, 41), (41, 81)] seconds=15.63
ROUND 343/500 accuracy=60.9500 loss=1.652568 selected=[15, 46, 44, 59, 57, 86, 27, 87, 43, 79] probes=[(46, 43), (79, 59)] seconds=13.11
ROUND 344/500 accuracy=69.6800 loss=1.217640 selected=[96, 20, 73, 29, 69, 22, 0, 31, 14, 3] probes=[(31, 3), (96, 22)] seconds=13.07
ROUND 345/500 accuracy=73.1600 loss=1.054817 selected=[45, 89, 10, 75, 81, 25, 42, 26, 64, 50] probes=[(45, 81), (50, 81)] seconds=12.46
ROUND 346/500 accuracy=76.1700 loss=0.935659 selected=[53, 97, 35, 42, 14, 45, 7, 16, 6, 75] probes=[(14, 42), (97, 75)] seconds=15.02
ROUND 347/500 accuracy=72.3700 loss=1.158777 selected=[65, 14, 48, 6, 52, 10, 22, 90, 72, 64] probes=[(14, 64), (6, 90)] seconds=16.35
ROUND 348/500 accuracy=72.3600 loss=0.995470 selected=[92, 46, 33, 99, 32, 67, 94, 49, 62, 16] probes=[(33, 16), (99, 33)] seconds=14.63
ROUND 349/500 accuracy=76.0900 loss=0.955449 selected=[75, 49, 60, 86, 73, 87, 21, 50, 20, 88] probes=[(21, 50), (60, 73)] seconds=14.52
ROUND 350/500 accuracy=76.2300 loss=0.934316 selected=[36, 94, 56, 7, 62, 71, 47, 61, 0, 9] probes=[(9, 94), (7, 47)] seconds=15.37
ROUND 351/500 accuracy=71.7200 loss=1.085288 selected=[38, 32, 33, 88, 56, 14, 11, 28, 40, 90] probes=[(33, 11), (88, 33)] seconds=13.57
ROUND 352/500 accuracy=75.0200 loss=0.998865 selected=[10, 72, 91, 66, 52, 12, 3, 53, 77, 25] probes=[(53, 25), (72, 10)] seconds=13.09
ROUND 353/500 accuracy=73.0800 loss=1.099589 selected=[49, 23, 19, 11, 60, 10, 65, 47, 54, 57] probes=[(19, 60), (65, 60)] seconds=18.76
ROUND 354/500 accuracy=74.4400 loss=0.993828 selected=[67, 12, 18, 90, 39, 34, 86, 35, 56, 54] probes=[(67, 54), (35, 67)] seconds=11.85
ROUND 355/500 accuracy=72.0000 loss=1.088346 selected=[64, 58, 53, 22, 48, 57, 6, 2, 56, 83] probes=[(48, 6), (22, 58)] seconds=13.72
ROUND 356/500 accuracy=51.7800 loss=2.270773 selected=[31, 95, 5, 51, 80, 74, 19, 39, 6, 0] probes=[(80, 39), (19, 95)] seconds=13.88
ROUND 357/500 accuracy=73.4600 loss=0.931954 selected=[34, 15, 99, 59, 12, 98, 72, 45, 51, 26] probes=[(59, 51), (72, 34)] seconds=11.44
ROUND 358/500 accuracy=73.4600 loss=0.967923 selected=[56, 82, 46, 23, 12, 66, 62, 41, 72, 53] probes=[(56, 72), (46, 56)] seconds=13.88
ROUND 359/500 accuracy=66.0800 loss=1.306435 selected=[73, 12, 6, 9, 3, 28, 32, 19, 16, 91] probes=[(19, 6), (73, 28)] seconds=14.13
ROUND 360/500 accuracy=73.4100 loss=1.020994 selected=[86, 31, 87, 43, 22, 54, 49, 25, 26, 3] probes=[(26, 54), (43, 25)] seconds=12.46
ROUND 361/500 accuracy=71.0700 loss=1.149120 selected=[42, 81, 7, 82, 70, 13, 16, 2, 41, 50] probes=[(13, 16), (16, 81)] seconds=13.54
ROUND 362/500 accuracy=69.2100 loss=1.279032 selected=[76, 47, 70, 78, 12, 43, 13, 91, 68, 23] probes=[(43, 23), (23, 43)] seconds=13.98
ROUND 363/500 accuracy=69.7400 loss=1.185160 selected=[81, 66, 89, 67, 24, 96, 37, 48, 56, 26] probes=[(96, 81), (81, 26)] seconds=12.63
ROUND 364/500 accuracy=69.1600 loss=1.232437 selected=[32, 65, 11, 40, 84, 60, 8, 33, 54, 31] probes=[(40, 31), (33, 31)] seconds=15.33
ROUND 365/500 accuracy=67.3000 loss=1.298099 selected=[28, 36, 74, 56, 27, 70, 94, 4, 76, 71] probes=[(76, 28), (94, 36)] seconds=12.80
ROUND 366/500 accuracy=71.4700 loss=1.119970 selected=[21, 13, 24, 12, 56, 94, 63, 26, 97, 82] probes=[(26, 94), (21, 94)] seconds=13.43
ROUND 367/500 accuracy=73.4600 loss=1.033913 selected=[53, 79, 31, 11, 93, 82, 34, 67, 49, 19] probes=[(34, 67), (11, 93)] seconds=14.15
ROUND 368/500 accuracy=75.4800 loss=0.965717 selected=[74, 50, 98, 96, 62, 16, 10, 78, 70, 25] probes=[(96, 10), (70, 50)] seconds=12.14
ROUND 369/500 accuracy=72.5500 loss=1.039792 selected=[22, 5, 87, 67, 61, 52, 79, 95, 36, 96] probes=[(96, 95), (22, 5)] seconds=13.22
ROUND 370/500 accuracy=69.4000 loss=1.177056 selected=[45, 91, 50, 81, 37, 4, 95, 82, 58, 63] probes=[(45, 81), (50, 91)] seconds=13.38
ROUND 371/500 accuracy=75.5700 loss=0.940574 selected=[25, 57, 47, 59, 66, 15, 19, 5, 71, 72] probes=[(5, 59), (72, 59)] seconds=13.58
ROUND 372/500 accuracy=72.0600 loss=1.127468 selected=[21, 30, 85, 19, 65, 47, 78, 90, 0, 3] probes=[(90, 21), (47, 19)] seconds=15.09
ROUND 373/500 accuracy=67.1100 loss=1.358887 selected=[5, 35, 81, 17, 75, 79, 1, 42, 18, 32] probes=[(81, 1), (18, 1)] seconds=13.48
ROUND 374/500 accuracy=67.2000 loss=1.498203 selected=[60, 98, 96, 4, 29, 31, 94, 12, 34, 43] probes=[(31, 60), (4, 31)] seconds=10.52
ROUND 375/500 accuracy=66.3900 loss=1.340043 selected=[73, 9, 92, 88, 57, 64, 44, 58, 80, 13] probes=[(73, 44), (92, 88)] seconds=13.56
ROUND 376/500 accuracy=73.0500 loss=0.991237 selected=[23, 89, 29, 26, 54, 53, 25, 59, 51, 97] probes=[(26, 51), (97, 59)] seconds=13.53
ROUND 377/500 accuracy=65.0700 loss=1.410249 selected=[62, 5, 91, 55, 57, 51, 74, 68, 64, 95] probes=[(74, 57), (51, 57)] seconds=12.29
ROUND 378/500 accuracy=71.3600 loss=1.083174 selected=[39, 78, 70, 52, 80, 73, 44, 40, 91, 55] probes=[(52, 73), (73, 40)] seconds=15.01
ROUND 379/500 accuracy=72.9800 loss=1.032527 selected=[15, 30, 88, 35, 91, 83, 29, 75, 58, 40] probes=[(83, 29), (40, 30)] seconds=12.98
ROUND 380/500 accuracy=75.0300 loss=0.963138 selected=[50, 29, 41, 49, 80, 54, 39, 37, 86, 14] probes=[(14, 54), (54, 37)] seconds=14.70
ROUND 381/500 accuracy=73.2600 loss=1.023325 selected=[90, 13, 95, 2, 99, 92, 45, 26, 69, 73] probes=[(69, 13), (90, 92)] seconds=11.61
ROUND 382/500 accuracy=74.0800 loss=0.987056 selected=[3, 42, 61, 25, 77, 11, 84, 5, 94, 28] probes=[(61, 28), (84, 77)] seconds=13.06
ROUND 383/500 accuracy=68.7200 loss=1.264904 selected=[68, 69, 13, 11, 15, 58, 84, 24, 42, 6] probes=[(42, 24), (58, 15)] seconds=14.46
ROUND 384/500 accuracy=74.6600 loss=0.959897 selected=[46, 88, 94, 6, 96, 60, 62, 95, 14, 79] probes=[(95, 79), (46, 6)] seconds=14.22
ROUND 385/500 accuracy=71.7900 loss=1.083153 selected=[21, 44, 24, 8, 40, 50, 30, 87, 11, 67] probes=[(40, 11), (21, 44)] seconds=12.95
ROUND 386/500 accuracy=74.9100 loss=0.961571 selected=[60, 55, 52, 20, 34, 45, 25, 53, 69, 10] probes=[(53, 10), (52, 20)] seconds=14.49
ROUND 387/500 accuracy=75.6000 loss=0.931905 selected=[20, 81, 86, 24, 55, 2, 59, 25, 41, 1] probes=[(25, 24), (41, 24)] seconds=14.11
ROUND 388/500 accuracy=75.7100 loss=0.977322 selected=[11, 87, 38, 42, 86, 51, 46, 73, 72, 25] probes=[(72, 42), (86, 46)] seconds=12.70
ROUND 389/500 accuracy=76.5100 loss=0.944303 selected=[20, 70, 50, 27, 3, 15, 75, 74, 57, 9] probes=[(27, 9), (20, 70)] seconds=13.98
ROUND 390/500 accuracy=72.1100 loss=1.166317 selected=[7, 9, 89, 49, 6, 15, 44, 10, 75, 47] probes=[(7, 89), (75, 9)] seconds=16.32
ROUND 391/500 accuracy=71.0500 loss=1.158862 selected=[17, 48, 84, 73, 96, 30, 98, 60, 88, 83] probes=[(88, 17), (84, 96)] seconds=12.27
ROUND 392/500 accuracy=72.2100 loss=1.096601 selected=[62, 66, 80, 78, 64, 52, 83, 33, 6, 18] probes=[(18, 80), (52, 78)] seconds=15.31
ROUND 393/500 accuracy=75.1000 loss=0.982416 selected=[64, 45, 24, 20, 10, 88, 23, 82, 22, 31] probes=[(10, 88), (24, 20)] seconds=14.19
ROUND 394/500 accuracy=70.2400 loss=1.131696 selected=[45, 71, 30, 95, 90, 73, 9, 78, 18, 49] probes=[(78, 95), (9, 90)] seconds=13.17
ROUND 395/500 accuracy=71.6800 loss=1.126483 selected=[0, 97, 59, 50, 12, 3, 93, 67, 61, 38] probes=[(67, 3), (50, 0)] seconds=12.36
ROUND 396/500 accuracy=63.1600 loss=1.612039 selected=[46, 0, 97, 70, 60, 75, 31, 95, 78, 94] probes=[(70, 95), (0, 78)] seconds=14.26
ROUND 397/500 accuracy=73.9700 loss=0.961733 selected=[20, 11, 14, 39, 31, 60, 78, 0, 81, 45] probes=[(0, 11), (31, 20)] seconds=14.07
ROUND 398/500 accuracy=74.4200 loss=0.975483 selected=[76, 80, 37, 5, 75, 62, 79, 61, 42, 53] probes=[(37, 62), (80, 42)] seconds=14.68
ROUND 399/500 accuracy=70.7300 loss=1.161816 selected=[89, 97, 49, 44, 55, 22, 95, 36, 79, 17] probes=[(55, 17), (36, 44)] seconds=16.01
ROUND 400/500 accuracy=71.1500 loss=1.200577 selected=[75, 63, 1, 29, 88, 12, 86, 82, 61, 40] probes=[(63, 75), (86, 1)] seconds=14.12
ROUND 401/500 accuracy=73.2000 loss=1.042238 selected=[79, 49, 42, 13, 97, 81, 91, 22, 3, 76] probes=[(91, 13), (81, 42)] seconds=13.44
ROUND 402/500 accuracy=67.3100 loss=1.229101 selected=[99, 58, 63, 28, 3, 56, 8, 24, 84, 27] probes=[(99, 84), (24, 28)] seconds=13.28
ROUND 403/500 accuracy=64.2100 loss=1.397292 selected=[26, 36, 57, 95, 99, 46, 23, 30, 40, 67] probes=[(40, 46), (46, 23)] seconds=15.44
ROUND 404/500 accuracy=73.1800 loss=1.078170 selected=[87, 93, 29, 50, 14, 84, 52, 8, 43, 70] probes=[(87, 43), (93, 52)] seconds=12.94
ROUND 405/500 accuracy=71.2800 loss=1.141814 selected=[85, 76, 96, 0, 77, 17, 42, 90, 39, 45] probes=[(90, 96), (77, 45)] seconds=10.99
ROUND 406/500 accuracy=71.9000 loss=1.149616 selected=[27, 44, 42, 58, 72, 52, 6, 1, 62, 13] probes=[(52, 44), (6, 58)] seconds=13.98
ROUND 407/500 accuracy=72.6200 loss=1.067059 selected=[33, 87, 58, 67, 57, 85, 72, 27, 99, 79] probes=[(67, 58), (79, 99)] seconds=14.33
ROUND 408/500 accuracy=71.7600 loss=1.120533 selected=[3, 11, 87, 22, 62, 52, 56, 95, 26, 20] probes=[(26, 56), (22, 56)] seconds=14.16
ROUND 409/500 accuracy=71.6200 loss=1.124338 selected=[41, 57, 20, 29, 56, 74, 83, 14, 0, 87] probes=[(57, 0), (56, 83)] seconds=13.67
ROUND 410/500 accuracy=66.5400 loss=1.250625 selected=[28, 34, 77, 85, 62, 58, 30, 86, 93, 46] probes=[(86, 85), (28, 93)] seconds=15.25
ROUND 411/500 accuracy=73.2800 loss=1.011005 selected=[79, 62, 87, 68, 32, 92, 29, 81, 7, 90] probes=[(62, 7), (87, 7)] seconds=13.82
ROUND 412/500 accuracy=63.3900 loss=1.649790 selected=[8, 38, 48, 12, 1, 77, 68, 92, 59, 19] probes=[(38, 77), (12, 8)] seconds=10.18
ROUND 413/500 accuracy=74.9400 loss=0.925943 selected=[99, 14, 24, 70, 44, 31, 86, 3, 75, 60] probes=[(99, 44), (86, 3)] seconds=15.20
ROUND 414/500 accuracy=75.0900 loss=0.996888 selected=[11, 85, 83, 96, 82, 76, 7, 19, 87, 51] probes=[(85, 83), (87, 19)] seconds=12.99
ROUND 415/500 accuracy=74.4600 loss=0.995500 selected=[12, 18, 62, 10, 75, 42, 8, 7, 31, 23] probes=[(12, 7), (18, 31)] seconds=14.62
ROUND 416/500 accuracy=69.9100 loss=1.197702 selected=[97, 5, 1, 84, 30, 40, 72, 21, 52, 39] probes=[(1, 5), (5, 1)] seconds=12.24
ROUND 417/500 accuracy=74.1400 loss=1.027929 selected=[72, 62, 14, 55, 67, 32, 39, 29, 38, 7] probes=[(7, 32), (38, 32)] seconds=13.05
ROUND 418/500 accuracy=70.0100 loss=1.228884 selected=[9, 65, 98, 93, 0, 31, 12, 91, 28, 81] probes=[(28, 9), (81, 0)] seconds=14.89
ROUND 419/500 accuracy=73.8400 loss=1.072359 selected=[49, 67, 58, 34, 22, 47, 19, 33, 9, 26] probes=[(26, 33), (22, 34)] seconds=15.05
ROUND 420/500 accuracy=75.5100 loss=0.982727 selected=[78, 18, 25, 81, 52, 5, 97, 88, 53, 51] probes=[(5, 52), (78, 97)] seconds=13.39
ROUND 421/500 accuracy=74.6600 loss=1.051296 selected=[7, 68, 34, 80, 72, 25, 89, 12, 66, 69] probes=[(68, 69), (34, 72)] seconds=15.62
ROUND 422/500 accuracy=73.7900 loss=1.036195 selected=[54, 28, 10, 85, 87, 89, 40, 86, 50, 96] probes=[(96, 89), (87, 54)] seconds=12.65
ROUND 423/500 accuracy=74.4700 loss=1.014823 selected=[58, 7, 9, 0, 50, 24, 38, 86, 81, 30] probes=[(86, 81), (0, 24)] seconds=15.33
ROUND 424/500 accuracy=73.8100 loss=1.123009 selected=[49, 75, 87, 68, 65, 47, 2, 70, 43, 25] probes=[(47, 49), (43, 47)] seconds=14.17
ROUND 425/500 accuracy=75.2800 loss=1.057749 selected=[75, 54, 77, 98, 27, 69, 42, 25, 78, 65] probes=[(54, 25), (25, 77)] seconds=13.75
ROUND 426/500 accuracy=64.3200 loss=1.779623 selected=[84, 26, 59, 68, 11, 37, 6, 56, 15, 24] probes=[(24, 68), (37, 26)] seconds=14.13
ROUND 427/500 accuracy=71.0700 loss=1.068026 selected=[71, 44, 26, 24, 99, 43, 87, 62, 46, 6] probes=[(71, 26), (87, 44)] seconds=13.41
ROUND 428/500 accuracy=70.3700 loss=1.213255 selected=[3, 14, 23, 71, 39, 58, 91, 9, 13, 67] probes=[(91, 3), (9, 13)] seconds=14.21
ROUND 429/500 accuracy=66.3600 loss=1.536176 selected=[2, 90, 64, 67, 74, 51, 27, 54, 30, 94] probes=[(74, 30), (2, 64)] seconds=10.80
ROUND 430/500 accuracy=69.3300 loss=1.286116 selected=[8, 80, 21, 38, 52, 63, 93, 66, 1, 44] probes=[(38, 93), (93, 66)] seconds=13.07
ROUND 431/500 accuracy=73.0700 loss=1.067306 selected=[68, 83, 93, 49, 33, 94, 99, 45, 4, 79] probes=[(4, 49), (79, 83)] seconds=13.86
ROUND 432/500 accuracy=74.2200 loss=1.071515 selected=[66, 81, 5, 45, 93, 34, 31, 51, 65, 27] probes=[(45, 93), (5, 81)] seconds=13.71
ROUND 433/500 accuracy=75.4600 loss=1.008784 selected=[13, 82, 43, 34, 96, 22, 29, 21, 15, 98] probes=[(43, 15), (22, 13)] seconds=10.37
ROUND 434/500 accuracy=75.9100 loss=0.991745 selected=[15, 77, 88, 1, 83, 22, 74, 87, 75, 86] probes=[(75, 83), (1, 22)] seconds=11.62
ROUND 435/500 accuracy=73.9500 loss=1.085680 selected=[57, 20, 56, 70, 71, 28, 72, 2, 63, 75] probes=[(70, 57), (63, 72)] seconds=14.70
ROUND 436/500 accuracy=72.4000 loss=1.193526 selected=[40, 2, 35, 47, 85, 52, 75, 80, 37, 21] probes=[(52, 2), (40, 52)] seconds=14.26
ROUND 437/500 accuracy=75.1200 loss=1.030770 selected=[84, 63, 70, 4, 65, 79, 93, 9, 58, 78] probes=[(79, 93), (93, 65)] seconds=16.13
ROUND 438/500 accuracy=75.4800 loss=1.000056 selected=[45, 59, 24, 34, 53, 44, 62, 36, 81, 20] probes=[(59, 36), (53, 24)] seconds=14.08
ROUND 439/500 accuracy=76.4400 loss=0.965613 selected=[63, 71, 68, 40, 19, 20, 49, 3, 79, 46] probes=[(40, 63), (71, 46)] seconds=15.07
ROUND 440/500 accuracy=70.8900 loss=1.329801 selected=[95, 6, 49, 55, 74, 53, 26, 27, 16, 21] probes=[(27, 49), (95, 21)] seconds=13.05
ROUND 441/500 accuracy=74.3800 loss=1.067986 selected=[72, 86, 40, 12, 89, 0, 66, 52, 54, 29] probes=[(89, 29), (86, 52)] seconds=14.11
ROUND 442/500 accuracy=76.0800 loss=0.984960 selected=[32, 76, 58, 59, 44, 71, 93, 96, 45, 47] probes=[(76, 44), (71, 93)] seconds=13.29
ROUND 443/500 accuracy=73.0100 loss=1.113964 selected=[17, 14, 46, 7, 68, 84, 43, 35, 61, 99] probes=[(68, 35), (35, 84)] seconds=14.53
ROUND 444/500 accuracy=71.6600 loss=1.164663 selected=[69, 5, 99, 15, 89, 98, 56, 54, 48, 90] probes=[(15, 56), (90, 5)] seconds=11.94
ROUND 445/500 accuracy=73.1100 loss=1.129416 selected=[40, 55, 60, 58, 38, 33, 13, 46, 15, 64] probes=[(60, 15), (46, 64)] seconds=14.03
ROUND 446/500 accuracy=73.7200 loss=1.109581 selected=[45, 76, 62, 4, 1, 70, 16, 87, 35, 7] probes=[(4, 70), (45, 1)] seconds=12.24
ROUND 447/500 accuracy=75.3600 loss=1.040206 selected=[25, 85, 89, 47, 0, 21, 39, 83, 87, 27] probes=[(85, 89), (39, 0)] seconds=12.47
ROUND 448/500 accuracy=75.0300 loss=1.034514 selected=[30, 22, 23, 63, 42, 80, 78, 86, 60, 5] probes=[(23, 22), (63, 5)] seconds=16.26
ROUND 449/500 accuracy=73.4200 loss=1.088261 selected=[30, 98, 87, 67, 44, 90, 46, 19, 31, 70] probes=[(46, 19), (31, 46)] seconds=12.76
ROUND 450/500 accuracy=76.0600 loss=1.054036 selected=[63, 60, 88, 55, 7, 49, 73, 18, 11, 3] probes=[(3, 63), (73, 11)] seconds=15.40
ROUND 451/500 accuracy=68.4000 loss=1.367488 selected=[46, 57, 61, 67, 52, 49, 17, 15, 58, 63] probes=[(58, 61), (15, 17)] seconds=16.24
ROUND 452/500 accuracy=75.4600 loss=1.036332 selected=[96, 35, 60, 56, 85, 26, 52, 58, 81, 0] probes=[(26, 96), (81, 96)] seconds=14.06
ROUND 453/500 accuracy=75.4100 loss=1.057775 selected=[12, 87, 25, 67, 50, 83, 22, 43, 88, 48] probes=[(67, 83), (22, 12)] seconds=11.79
ROUND 454/500 accuracy=75.8400 loss=1.000011 selected=[20, 94, 6, 43, 53, 13, 28, 97, 61, 25] probes=[(61, 43), (97, 6)] seconds=13.82
ROUND 455/500 accuracy=76.2100 loss=1.028138 selected=[64, 21, 54, 42, 31, 83, 91, 58, 8, 30] probes=[(8, 83), (42, 30)] seconds=11.11
ROUND 456/500 accuracy=75.6800 loss=1.041213 selected=[21, 55, 76, 1, 80, 84, 16, 28, 86, 96] probes=[(96, 16), (86, 84)] seconds=13.07
ROUND 457/500 accuracy=76.2400 loss=1.041918 selected=[27, 46, 72, 31, 53, 66, 14, 75, 77, 99] probes=[(66, 77), (27, 14)] seconds=12.24
ROUND 458/500 accuracy=74.5200 loss=1.097893 selected=[94, 60, 27, 1, 47, 24, 79, 33, 3, 10] probes=[(60, 27), (27, 3)] seconds=13.48
ROUND 459/500 accuracy=75.8100 loss=1.063077 selected=[96, 93, 54, 84, 35, 20, 27, 47, 77, 59] probes=[(47, 59), (84, 35)] seconds=12.41
ROUND 460/500 accuracy=69.1400 loss=1.373505 selected=[43, 77, 80, 81, 46, 17, 41, 62, 39, 35] probes=[(46, 77), (77, 41)] seconds=12.57
ROUND 461/500 accuracy=74.0800 loss=1.137518 selected=[19, 97, 29, 20, 55, 7, 63, 81, 76, 38] probes=[(81, 7), (63, 20)] seconds=14.80
ROUND 462/500 accuracy=75.7100 loss=1.090825 selected=[72, 66, 67, 15, 71, 2, 98, 78, 73, 52] probes=[(98, 2), (73, 78)] seconds=11.91
ROUND 463/500 accuracy=76.4400 loss=1.048950 selected=[50, 46, 14, 85, 68, 21, 61, 3, 73, 30] probes=[(50, 3), (46, 3)] seconds=14.05
ROUND 464/500 accuracy=71.5500 loss=1.277977 selected=[44, 94, 92, 97, 84, 46, 51, 5, 88, 6] probes=[(46, 94), (97, 94)] seconds=12.95
ROUND 465/500 accuracy=72.7600 loss=1.156849 selected=[86, 9, 5, 40, 57, 0, 35, 3, 48, 88] probes=[(9, 3), (40, 88)] seconds=13.68
ROUND 466/500 accuracy=75.7000 loss=1.055278 selected=[3, 32, 55, 9, 60, 90, 19, 71, 83, 97] probes=[(19, 97), (97, 19)] seconds=12.81
ROUND 467/500 accuracy=74.5200 loss=1.066935 selected=[79, 35, 38, 48, 52, 29, 91, 13, 70, 89] probes=[(52, 38), (13, 91)] seconds=12.25
ROUND 468/500 accuracy=75.1100 loss=1.047708 selected=[59, 64, 79, 90, 95, 86, 14, 20, 68, 48] probes=[(95, 79), (90, 79)] seconds=14.09
ROUND 469/500 accuracy=72.2700 loss=1.187224 selected=[67, 12, 17, 24, 45, 9, 32, 20, 78, 3] probes=[(17, 3), (32, 24)] seconds=13.77
ROUND 470/500 accuracy=73.4100 loss=1.125250 selected=[46, 56, 96, 43, 41, 73, 83, 35, 17, 67] probes=[(56, 46), (43, 35)] seconds=10.48
ROUND 471/500 accuracy=74.0000 loss=1.115218 selected=[87, 47, 32, 29, 43, 30, 27, 95, 22, 18] probes=[(27, 43), (22, 95)] seconds=12.02
ROUND 472/500 accuracy=75.3000 loss=1.079483 selected=[27, 59, 81, 74, 47, 93, 4, 56, 14, 10] probes=[(4, 56), (14, 81)] seconds=13.11
ROUND 473/500 accuracy=75.1700 loss=1.047845 selected=[91, 33, 84, 87, 36, 39, 90, 58, 41, 62] probes=[(41, 91), (58, 33)] seconds=15.35
ROUND 474/500 accuracy=74.5500 loss=1.091506 selected=[52, 51, 38, 79, 77, 42, 30, 59, 97, 2] probes=[(79, 51), (77, 59)] seconds=11.04
ROUND 475/500 accuracy=69.5800 loss=1.398690 selected=[65, 38, 67, 29, 18, 6, 62, 36, 22, 85] probes=[(29, 67), (62, 6)] seconds=14.81
ROUND 476/500 accuracy=73.7200 loss=1.114879 selected=[11, 62, 16, 24, 59, 91, 93, 31, 23, 0] probes=[(16, 23), (23, 16)] seconds=15.36
ROUND 477/500 accuracy=75.7000 loss=1.056133 selected=[80, 46, 69, 71, 96, 45, 0, 31, 27, 21] probes=[(31, 45), (45, 69)] seconds=12.08
ROUND 478/500 accuracy=74.3000 loss=1.098040 selected=[16, 76, 19, 50, 17, 63, 93, 47, 57, 49] probes=[(50, 19), (63, 19)] seconds=15.06
ROUND 479/500 accuracy=75.6800 loss=1.055271 selected=[82, 57, 66, 24, 11, 30, 5, 14, 91, 72] probes=[(57, 5), (30, 82)] seconds=14.90
ROUND 480/500 accuracy=75.9400 loss=1.067336 selected=[5, 66, 73, 93, 9, 23, 13, 12, 30, 74] probes=[(93, 9), (74, 5)] seconds=13.88
ROUND 481/500 accuracy=74.2500 loss=1.122525 selected=[11, 85, 77, 4, 94, 43, 18, 48, 38, 10] probes=[(10, 48), (94, 38)] seconds=11.51
ROUND 482/500 accuracy=75.2600 loss=1.062951 selected=[20, 95, 47, 0, 45, 5, 64, 98, 13, 96] probes=[(5, 20), (98, 47)] seconds=11.14
ROUND 483/500 accuracy=73.9000 loss=1.089924 selected=[51, 4, 98, 99, 17, 69, 48, 24, 63, 23] probes=[(23, 17), (4, 98)] seconds=14.30
ROUND 484/500 accuracy=75.3000 loss=1.079239 selected=[30, 73, 58, 26, 65, 50, 70, 48, 3, 83] probes=[(70, 48), (48, 70)] seconds=15.88
ROUND 485/500 accuracy=74.1900 loss=1.116596 selected=[2, 23, 38, 5, 46, 86, 14, 91, 80, 22] probes=[(22, 91), (14, 80)] seconds=15.03
ROUND 486/500 accuracy=50.0400 loss=2.770437 selected=[18, 10, 17, 49, 41, 78, 51, 92, 57, 44] probes=[(10, 41), (41, 78)] seconds=13.99
ROUND 487/500 accuracy=69.2500 loss=1.240896 selected=[59, 54, 5, 83, 49, 17, 24, 99, 48, 8] probes=[(49, 5), (5, 83)] seconds=13.01
ROUND 488/500 accuracy=73.2500 loss=1.189703 selected=[81, 69, 41, 51, 29, 3, 35, 96, 20, 54] probes=[(96, 51), (51, 29)] seconds=11.73
ROUND 489/500 accuracy=74.9500 loss=1.087770 selected=[20, 53, 42, 59, 83, 44, 4, 39, 15, 61] probes=[(44, 61), (59, 39)] seconds=12.69
ROUND 490/500 accuracy=73.9100 loss=1.133145 selected=[7, 25, 37, 24, 96, 88, 54, 70, 27, 23] probes=[(24, 7), (70, 27)] seconds=15.06
ROUND 491/500 accuracy=68.6200 loss=1.354233 selected=[39, 34, 92, 2, 10, 49, 17, 89, 54, 84] probes=[(34, 89), (84, 89)] seconds=13.14
ROUND 492/500 accuracy=75.3100 loss=1.094480 selected=[71, 20, 64, 53, 77, 52, 49, 16, 11, 96] probes=[(77, 52), (64, 49)] seconds=12.47
ROUND 493/500 accuracy=75.5800 loss=1.053811 selected=[71, 78, 59, 54, 34, 25, 10, 60, 9, 93] probes=[(25, 93), (59, 10)] seconds=14.02
ROUND 494/500 accuracy=73.9000 loss=1.083754 selected=[77, 84, 40, 10, 60, 28, 53, 19, 81, 75] probes=[(77, 28), (75, 19)] seconds=13.35
ROUND 495/500 accuracy=75.7900 loss=1.050640 selected=[63, 91, 87, 18, 32, 92, 76, 9, 50, 52] probes=[(87, 9), (32, 52)] seconds=12.05
ROUND 496/500 accuracy=71.5500 loss=1.205734 selected=[46, 1, 66, 58, 29, 99, 57, 97, 76, 8] probes=[(76, 58), (58, 57)] seconds=13.84
ROUND 497/500 accuracy=73.7800 loss=1.066334 selected=[97, 46, 45, 20, 58, 25, 69, 61, 37, 92] probes=[(69, 37), (45, 46)] seconds=14.06
ROUND 498/500 accuracy=75.6400 loss=1.018302 selected=[58, 27, 66, 23, 64, 71, 81, 24, 82, 73] probes=[(71, 66), (73, 82)] seconds=15.21
ROUND 499/500 accuracy=68.3000 loss=1.371502 selected=[77, 50, 22, 1, 95, 15, 31, 32, 4, 68] probes=[(68, 1), (31, 77)] seconds=11.88
ROUND 500/500 accuracy=73.8600 loss=1.065890 selected=[18, 68, 36, 13, 21, 16, 45, 31, 2, 61] probes=[(61, 31), (18, 45)] seconds=13.56
