CIFAR10 train transform: Compose(
    ToTensor()
    Normalize(mean=(0.4914, 0.4822, 0.4465), std=(0.2023, 0.1994, 0.201))
)
Client partition: 100 clients, min=30, max=1447, mean=500.00, std=220.72
Evaluation protocol: full server test set evaluated every round (10000 samples).
VGG16(
  (features): Sequential(
    (0): Conv2d(3, 64, kernel_size=(3, 3), stride=(1, 1), padding=(1, 1))
    (1): BatchNorm2d(64, eps=1e-05, momentum=0.1, affine=True, track_running_stats=True)
    (2): ReLU(inplace=True)
    (3): Conv2d(64, 64, kernel_size=(3, 3), stride=(1, 1), padding=(1, 1))
    (4): BatchNorm2d(64, eps=1e-05, momentum=0.1, affine=True, track_running_stats=True)
    (5): ReLU(inplace=True)
    (6): MaxPool2d(kernel_size=2, stride=2, padding=0, dilation=1, ceil_mode=False)
    (7): Conv2d(64, 128, kernel_size=(3, 3), stride=(1, 1), padding=(1, 1))
    (8): BatchNorm2d(128, eps=1e-05, momentum=0.1, affine=True, track_running_stats=True)
    (9): ReLU(inplace=True)
    (10): Conv2d(128, 128, kernel_size=(3, 3), stride=(1, 1), padding=(1, 1))
    (11): BatchNorm2d(128, eps=1e-05, momentum=0.1, affine=True, track_running_stats=True)
    (12): ReLU(inplace=True)
    (13): MaxPool2d(kernel_size=2, stride=2, padding=0, dilation=1, ceil_mode=False)
    (14): Conv2d(128, 256, kernel_size=(3, 3), stride=(1, 1), padding=(1, 1))
    (15): BatchNorm2d(256, eps=1e-05, momentum=0.1, affine=True, track_running_stats=True)
    (16): ReLU(inplace=True)
    (17): Conv2d(256, 256, kernel_size=(3, 3), stride=(1, 1), padding=(1, 1))
    (18): BatchNorm2d(256, eps=1e-05, momentum=0.1, affine=True, track_running_stats=True)
    (19): ReLU(inplace=True)
    (20): Conv2d(256, 256, kernel_size=(3, 3), stride=(1, 1), padding=(1, 1))
    (21): BatchNorm2d(256, eps=1e-05, momentum=0.1, affine=True, track_running_stats=True)
    (22): ReLU(inplace=True)
    (23): MaxPool2d(kernel_size=2, stride=2, padding=0, dilation=1, ceil_mode=False)
    (24): Conv2d(256, 512, kernel_size=(3, 3), stride=(1, 1), padding=(1, 1))
    (25): BatchNorm2d(512, eps=1e-05, momentum=0.1, affine=True, track_running_stats=True)
    (26): ReLU(inplace=True)
    (27): Conv2d(512, 512, kernel_size=(3, 3), stride=(1, 1), padding=(1, 1))
    (28): BatchNorm2d(512, eps=1e-05, momentum=0.1, affine=True, track_running_stats=True)
    (29): ReLU(inplace=True)
    (30): Conv2d(512, 512, kernel_size=(3, 3), stride=(1, 1), padding=(1, 1))
    (31): BatchNorm2d(512, eps=1e-05, momentum=0.1, affine=True, track_running_stats=True)
    (32): ReLU(inplace=True)
    (33): MaxPool2d(kernel_size=2, stride=2, padding=0, dilation=1, ceil_mode=False)
    (34): Conv2d(512, 512, kernel_size=(3, 3), stride=(1, 1), padding=(1, 1))
    (35): BatchNorm2d(512, eps=1e-05, momentum=0.1, affine=True, track_running_stats=True)
    (36): ReLU(inplace=True)
    (37): Conv2d(512, 512, kernel_size=(3, 3), stride=(1, 1), padding=(1, 1))
    (38): BatchNorm2d(512, eps=1e-05, momentum=0.1, affine=True, track_running_stats=True)
    (39): ReLU(inplace=True)
    (40): Conv2d(512, 512, kernel_size=(3, 3), stride=(1, 1), padding=(1, 1))
    (41): BatchNorm2d(512, eps=1e-05, momentum=0.1, affine=True, track_running_stats=True)
    (42): ReLU(inplace=True)
    (43): MaxPool2d(kernel_size=2, stride=2, padding=0, dilation=1, ceil_mode=False)
    (44): AdaptiveAvgPool2d(output_size=(1, 1))
  )
  (classifier): Sequential(
    (0): Linear(in_features=512, out_features=4096, bias=True)
    (1): ReLU(inplace=True)
    (2): Dropout(p=0.5, inplace=False)
    (3): Linear(in_features=4096, out_features=4096, bias=True)
    (4): ReLU(inplace=True)
    (5): Dropout(p=0.5, inplace=False)
  )
  (fc): Linear(in_features=4096, out_features=10, bias=True)
)
Horizontal-view equivariance max error: 4.23751771e-08
CIFAR10 train transform: Compose(
    ToTensor()
    Normalize(mean=(0.4914, 0.4822, 0.4465), std=(0.2023, 0.1994, 0.201))
)
********************************************************************************
Round   0
ROUND_ACCURACY method=SymmetryFedPhoenix round=1 accuracy=10.000000
********************************************************************************
Round   1
ROUND_ACCURACY method=SymmetryFedPhoenix round=2 accuracy=14.330000
********************************************************************************
Round   2
ROUND_ACCURACY method=SymmetryFedPhoenix round=3 accuracy=11.520000
********************************************************************************
Round   3
ROUND_ACCURACY method=SymmetryFedPhoenix round=4 accuracy=17.360001
********************************************************************************
Round   4
ROUND_ACCURACY method=SymmetryFedPhoenix round=5 accuracy=30.610001
********************************************************************************
Round   5
ROUND_ACCURACY method=SymmetryFedPhoenix round=6 accuracy=16.600000
********************************************************************************
Round   6
ROUND_ACCURACY method=SymmetryFedPhoenix round=7 accuracy=22.110001
********************************************************************************
Round   7
ROUND_ACCURACY method=SymmetryFedPhoenix round=8 accuracy=23.480000
********************************************************************************
Round   8
ROUND_ACCURACY method=SymmetryFedPhoenix round=9 accuracy=30.340000
********************************************************************************
Round   9
ROUND_ACCURACY method=SymmetryFedPhoenix round=10 accuracy=28.820000
********************************************************************************
Round  10
ROUND_ACCURACY method=SymmetryFedPhoenix round=11 accuracy=40.209999
********************************************************************************
Round  11
ROUND_ACCURACY method=SymmetryFedPhoenix round=12 accuracy=35.740002
********************************************************************************
Round  12
ROUND_ACCURACY method=SymmetryFedPhoenix round=13 accuracy=34.590000
********************************************************************************
Round  13
ROUND_ACCURACY method=SymmetryFedPhoenix round=14 accuracy=45.439999
********************************************************************************
Round  14
ROUND_ACCURACY method=SymmetryFedPhoenix round=15 accuracy=46.110001
********************************************************************************
Round  15
ROUND_ACCURACY method=SymmetryFedPhoenix round=16 accuracy=47.040001
********************************************************************************
Round  16
ROUND_ACCURACY method=SymmetryFedPhoenix round=17 accuracy=48.410000
********************************************************************************
Round  17
ROUND_ACCURACY method=SymmetryFedPhoenix round=18 accuracy=36.009998
********************************************************************************
Round  18
ROUND_ACCURACY method=SymmetryFedPhoenix round=19 accuracy=44.860001
********************************************************************************
Round  19
ROUND_ACCURACY method=SymmetryFedPhoenix round=20 accuracy=40.889999
PEAK_ACCURACY method=SymmetryFedPhoenix round=17 accuracy=48.410000
Symmetry client events saved to C:\Users\admin\Desktop\need_do\new_paper_four\FedPhoenix-clean-finish\results\symmetry_fedphoenix_v1\model_alt_1000_smoke20\model_alt_1000_smoke20_client_events.csv
Unified training metrics saved to C:\Users\admin\Desktop\need_do\new_paper_four\FedPhoenix-clean-finish\results\symmetry_fedphoenix_v1\model_alt_1000_smoke20\cifar10_vgg_SymmetryFedPhoenix_seed1_model_alt_1000_smoke20.csv
