Client partition: 100 clients, min=30, max=1447, mean=500.00, std=220.72
Evaluation protocol: full server test set evaluated every round (10000 samples).
VGG16(
  (features): Sequential(
    (0): Conv2d(3, 64, kernel_size=(3, 3), stride=(1, 1), padding=(1, 1))
    (1): BatchNorm2d(64, eps=1e-05, momentum=0.1, affine=True, track_running_stats=True)
    (2): ReLU(inplace=True)
    (3): Conv2d(64, 64, kernel_size=(3, 3), stride=(1, 1), padding=(1, 1))
    (4): BatchNorm2d(64, eps=1e-05, momentum=0.1, affine=True, track_running_stats=True)
    (5): ReLU(inplace=True)
    (6): MaxPool2d(kernel_size=2, stride=2, padding=0, dilation=1, ceil_mode=False)
    (7): Conv2d(64, 128, kernel_size=(3, 3), stride=(1, 1), padding=(1, 1))
    (8): BatchNorm2d(128, eps=1e-05, momentum=0.1, affine=True, track_running_stats=True)
    (9): ReLU(inplace=True)
    (10): Conv2d(128, 128, kernel_size=(3, 3), stride=(1, 1), padding=(1, 1))
    (11): BatchNorm2d(128, eps=1e-05, momentum=0.1, affine=True, track_running_stats=True)
    (12): ReLU(inplace=True)
    (13): MaxPool2d(kernel_size=2, stride=2, padding=0, dilation=1, ceil_mode=False)
    (14): Conv2d(128, 256, kernel_size=(3, 3), stride=(1, 1), padding=(1, 1))
    (15): BatchNorm2d(256, eps=1e-05, momentum=0.1, affine=True, track_running_stats=True)
    (16): ReLU(inplace=True)
    (17): Conv2d(256, 256, kernel_size=(3, 3), stride=(1, 1), padding=(1, 1))
    (18): BatchNorm2d(256, eps=1e-05, momentum=0.1, affine=True, track_running_stats=True)
    (19): ReLU(inplace=True)
    (20): Conv2d(256, 256, kernel_size=(3, 3), stride=(1, 1), padding=(1, 1))
    (21): BatchNorm2d(256, eps=1e-05, momentum=0.1, affine=True, track_running_stats=True)
    (22): ReLU(inplace=True)
    (23): MaxPool2d(kernel_size=2, stride=2, padding=0, dilation=1, ceil_mode=False)
    (24): Conv2d(256, 512, kernel_size=(3, 3), stride=(1, 1), padding=(1, 1))
    (25): BatchNorm2d(512, eps=1e-05, momentum=0.1, affine=True, track_running_stats=True)
    (26): ReLU(inplace=True)
    (27): Conv2d(512, 512, kernel_size=(3, 3), stride=(1, 1), padding=(1, 1))
    (28): BatchNorm2d(512, eps=1e-05, momentum=0.1, affine=True, track_running_stats=True)
    (29): ReLU(inplace=True)
    (30): Conv2d(512, 512, kernel_size=(3, 3), stride=(1, 1), padding=(1, 1))
    (31): BatchNorm2d(512, eps=1e-05, momentum=0.1, affine=True, track_running_stats=True)
    (32): ReLU(inplace=True)
    (33): MaxPool2d(kernel_size=2, stride=2, padding=0, dilation=1, ceil_mode=False)
    (34): Conv2d(512, 512, kernel_size=(3, 3), stride=(1, 1), padding=(1, 1))
    (35): BatchNorm2d(512, eps=1e-05, momentum=0.1, affine=True, track_running_stats=True)
    (36): ReLU(inplace=True)
    (37): Conv2d(512, 512, kernel_size=(3, 3), stride=(1, 1), padding=(1, 1))
    (38): BatchNorm2d(512, eps=1e-05, momentum=0.1, affine=True, track_running_stats=True)
    (39): ReLU(inplace=True)
    (40): Conv2d(512, 512, kernel_size=(3, 3), stride=(1, 1), padding=(1, 1))
    (41): BatchNorm2d(512, eps=1e-05, momentum=0.1, affine=True, track_running_stats=True)
    (42): ReLU(inplace=True)
    (43): MaxPool2d(kernel_size=2, stride=2, padding=0, dilation=1, ceil_mode=False)
    (44): AdaptiveAvgPool2d(output_size=(1, 1))
  )
  (classifier): Sequential(
    (0): Linear(in_features=512, out_features=4096, bias=True)
    (1): ReLU(inplace=True)
    (2): Dropout(p=0.5, inplace=False)
    (3): Linear(in_features=4096, out_features=4096, bias=True)
    (4): ReLU(inplace=True)
    (5): Dropout(p=0.5, inplace=False)
  )
  (fc): Linear(in_features=4096, out_features=10, bias=True)
)
InteractionFedPhoenix protocol: {"dataset": "cifar10", "model": "vgg", "train_transform": "Compose(\n    ToTensor()\n    Normalize(mean=(0.4914, 0.4822, 0.4465), std=(0.2023, 0.1994, 0.201))\n)", "random_crop": false, "random_horizontal_flip": false, "num_users": 100, "frac": 0.1, "data_beta": 0.3, "seed": 1, "noniid_case": 5, "partition_file": "C:\\Users\\admin\\Desktop\\need_do\\new_paper_four\\FedPhoenix-clean-finish\\data\\cifar10_100_noniidCase5_beta0.3.json", "partition_source": "existing file", "partition_total_samples": 50000, "local_ep": 5, "local_bs": 50, "optimizer": "sgd", "lr": 0.01, "momentum": 0.5, "weight_decay": 0.0, "FP_conv": 1000, "reset": 0.015625, "remethod": "ori_normal"}
InteractionFedPhoenix reset_aware: 33642442 parameters
Estimated dense fp32 history for 100 clients: 50.13 GiB; observations store only reliable Conv kernels in bf16
********************************************************************************
Round   0
D:\software\minicoonda\envs\fd\Lib\site-packages\torch\autograd\graph.py:824: UserWarning: Deterministic behavior was enabled with either `torch.use_deterministic_algorithms(True)` or `at::Context::setDeterministicAlgorithms(true)`, but this operation is not deterministic because it uses CuBLAS and you have CUDA >= 10.2. To enable deterministic behavior in this case, you must set an environment variable before running your PyTorch application: CUBLAS_WORKSPACE_CONFIG=:4096:8 or CUBLAS_WORKSPACE_CONFIG=:16:8. For more information, go to https://docs.nvidia.com/cuda/cublas/index.html#results-reproducibility (Triggered internally at C:\actions-runner\_work\pytorch\pytorch\pytorch\aten\src\ATen\Context.cpp:233.)
  return Variable._execution_engine.run_backward(  # Calls into the C++ engine to run the backward pass
ROUND_ACCURACY method=InteractionFedPhoenix round=1 accuracy=10.000000
********************************************************************************
Round   1
ROUND_ACCURACY method=InteractionFedPhoenix round=2 accuracy=13.230000
********************************************************************************
Round   2
ROUND_ACCURACY method=InteractionFedPhoenix round=3 accuracy=12.230000
********************************************************************************
Round   3
ROUND_ACCURACY method=InteractionFedPhoenix round=4 accuracy=16.290001
********************************************************************************
Round   4
ROUND_ACCURACY method=InteractionFedPhoenix round=5 accuracy=32.419998
********************************************************************************
Round   5
ROUND_ACCURACY method=InteractionFedPhoenix round=6 accuracy=17.620001
********************************************************************************
Round   6
ROUND_ACCURACY method=InteractionFedPhoenix round=7 accuracy=24.139999
********************************************************************************
Round   7
ROUND_ACCURACY method=InteractionFedPhoenix round=8 accuracy=23.680000
********************************************************************************
Round   8
ROUND_ACCURACY method=InteractionFedPhoenix round=9 accuracy=30.129999
********************************************************************************
Round   9
ROUND_ACCURACY method=InteractionFedPhoenix round=10 accuracy=29.730000
********************************************************************************
Round  10
ROUND_ACCURACY method=InteractionFedPhoenix round=11 accuracy=38.230000
********************************************************************************
Round  11
ROUND_ACCURACY method=InteractionFedPhoenix round=12 accuracy=37.060001
********************************************************************************
Round  12
ROUND_ACCURACY method=InteractionFedPhoenix round=13 accuracy=37.919998
********************************************************************************
Round  13
ROUND_ACCURACY method=InteractionFedPhoenix round=14 accuracy=45.119999
********************************************************************************
Round  14
ROUND_ACCURACY method=InteractionFedPhoenix round=15 accuracy=45.139999
********************************************************************************
Round  15
ROUND_ACCURACY method=InteractionFedPhoenix round=16 accuracy=46.900002
********************************************************************************
Round  16
ROUND_ACCURACY method=InteractionFedPhoenix round=17 accuracy=50.660000
********************************************************************************
Round  17
ROUND_ACCURACY method=InteractionFedPhoenix round=18 accuracy=35.889999
********************************************************************************
Round  18
ROUND_ACCURACY method=InteractionFedPhoenix round=19 accuracy=41.619999
********************************************************************************
Round  19
ROUND_ACCURACY method=InteractionFedPhoenix round=20 accuracy=46.240002
********************************************************************************
Round  20
ROUND_ACCURACY method=InteractionFedPhoenix round=21 accuracy=51.340000
********************************************************************************
Round  21
ROUND_ACCURACY method=InteractionFedPhoenix round=22 accuracy=55.470001
********************************************************************************
Round  22
ROUND_ACCURACY method=InteractionFedPhoenix round=23 accuracy=48.110001
********************************************************************************
Round  23
ROUND_ACCURACY method=InteractionFedPhoenix round=24 accuracy=51.520000
********************************************************************************
Round  24
ROUND_ACCURACY method=InteractionFedPhoenix round=25 accuracy=54.990002
********************************************************************************
Round  25
ROUND_ACCURACY method=InteractionFedPhoenix round=26 accuracy=51.830002
********************************************************************************
Round  26
ROUND_ACCURACY method=InteractionFedPhoenix round=27 accuracy=48.450001
********************************************************************************
Round  27
ROUND_ACCURACY method=InteractionFedPhoenix round=28 accuracy=51.759998
********************************************************************************
Round  28
ROUND_ACCURACY method=InteractionFedPhoenix round=29 accuracy=48.200001
********************************************************************************
Round  29
ROUND_ACCURACY method=InteractionFedPhoenix round=30 accuracy=55.770000
PEAK_ACCURACY method=InteractionFedPhoenix round=30 accuracy=55.770000
Unified training metrics saved to C:\Users\admin\Desktop\need_do\new_paper_four\FedPhoenix-clean-finish\results\interaction_fedphoenix_v1\formal_smoke\metrics\cifar10_vgg_InteractionFedPhoenix_seed1_ifp_reset_aware_smoke.csv
